Component: Arm Compiler for Embedded 6.19 Tool: armlink [5e73cb00]

==============================================================================

Section Cross References

    misc.o(.ARM.exidx.text.NVIC_PriorityGroupConfig) refers to misc.o(.text.NVIC_PriorityGroupConfig) for [Anonymous Symbol]
    misc.o(.ARM.exidx.text.NVIC_Init) refers to misc.o(.text.NVIC_Init) for [Anonymous Symbol]
    misc.o(.ARM.exidx.text.NVIC_SetVectorTable) refers to misc.o(.text.NVIC_SetVectorTable) for [Anonymous Symbol]
    misc.o(.ARM.exidx.text.NVIC_SystemLPConfig) refers to misc.o(.text.NVIC_SystemLPConfig) for [Anonymous Symbol]
    misc.o(.ARM.exidx.text.SysTick_CLKSourceConfig) refers to misc.o(.text.SysTick_CLKSourceConfig) for [Anonymous Symbol]
    stm32f10x_adc.o(.text.ADC_DeInit) refers to stm32f10x_rcc.o(.text.RCC_APB2PeriphResetCmd) for RCC_APB2PeriphResetCmd
    stm32f10x_adc.o(.ARM.exidx.text.ADC_DeInit) refers to stm32f10x_adc.o(.text.ADC_DeInit) for [Anonymous Symbol]
    stm32f10x_adc.o(.ARM.exidx.text.ADC_Init) refers to stm32f10x_adc.o(.text.ADC_Init) for [Anonymous Symbol]
    stm32f10x_adc.o(.ARM.exidx.text.ADC_StructInit) refers to stm32f10x_adc.o(.text.ADC_StructInit) for [Anonymous Symbol]
    stm32f10x_adc.o(.ARM.exidx.text.ADC_Cmd) refers to stm32f10x_adc.o(.text.ADC_Cmd) for [Anonymous Symbol]
    stm32f10x_adc.o(.ARM.exidx.text.ADC_DMACmd) refers to stm32f10x_adc.o(.text.ADC_DMACmd) for [Anonymous Symbol]
    stm32f10x_adc.o(.ARM.exidx.text.ADC_ITConfig) refers to stm32f10x_adc.o(.text.ADC_ITConfig) for [Anonymous Symbol]
    stm32f10x_adc.o(.ARM.exidx.text.ADC_ResetCalibration) refers to stm32f10x_adc.o(.text.ADC_ResetCalibration) for [Anonymous Symbol]
    stm32f10x_adc.o(.ARM.exidx.text.ADC_GetResetCalibrationStatus) refers to stm32f10x_adc.o(.text.ADC_GetResetCalibrationStatus) for [Anonymous Symbol]
    stm32f10x_adc.o(.ARM.exidx.text.ADC_StartCalibration) refers to stm32f10x_adc.o(.text.ADC_StartCalibration) for [Anonymous Symbol]
    stm32f10x_adc.o(.ARM.exidx.text.ADC_GetCalibrationStatus) refers to stm32f10x_adc.o(.text.ADC_GetCalibrationStatus) for [Anonymous Symbol]
    stm32f10x_adc.o(.ARM.exidx.text.ADC_SoftwareStartConvCmd) refers to stm32f10x_adc.o(.text.ADC_SoftwareStartConvCmd) for [Anonymous Symbol]
    stm32f10x_adc.o(.ARM.exidx.text.ADC_GetSoftwareStartConvStatus) refers to stm32f10x_adc.o(.text.ADC_GetSoftwareStartConvStatus) for [Anonymous Symbol]
    stm32f10x_adc.o(.ARM.exidx.text.ADC_DiscModeChannelCountConfig) refers to stm32f10x_adc.o(.text.ADC_DiscModeChannelCountConfig) for [Anonymous Symbol]
    stm32f10x_adc.o(.ARM.exidx.text.ADC_DiscModeCmd) refers to stm32f10x_adc.o(.text.ADC_DiscModeCmd) for [Anonymous Symbol]
    stm32f10x_adc.o(.ARM.exidx.text.ADC_RegularChannelConfig) refers to stm32f10x_adc.o(.text.ADC_RegularChannelConfig) for [Anonymous Symbol]
    stm32f10x_adc.o(.ARM.exidx.text.ADC_ExternalTrigConvCmd) refers to stm32f10x_adc.o(.text.ADC_ExternalTrigConvCmd) for [Anonymous Symbol]
    stm32f10x_adc.o(.ARM.exidx.text.ADC_GetConversionValue) refers to stm32f10x_adc.o(.text.ADC_GetConversionValue) for [Anonymous Symbol]
    stm32f10x_adc.o(.ARM.exidx.text.ADC_GetDualModeConversionValue) refers to stm32f10x_adc.o(.text.ADC_GetDualModeConversionValue) for [Anonymous Symbol]
    stm32f10x_adc.o(.ARM.exidx.text.ADC_AutoInjectedConvCmd) refers to stm32f10x_adc.o(.text.ADC_AutoInjectedConvCmd) for [Anonymous Symbol]
    stm32f10x_adc.o(.ARM.exidx.text.ADC_InjectedDiscModeCmd) refers to stm32f10x_adc.o(.text.ADC_InjectedDiscModeCmd) for [Anonymous Symbol]
    stm32f10x_adc.o(.ARM.exidx.text.ADC_ExternalTrigInjectedConvConfig) refers to stm32f10x_adc.o(.text.ADC_ExternalTrigInjectedConvConfig) for [Anonymous Symbol]
    stm32f10x_adc.o(.ARM.exidx.text.ADC_ExternalTrigInjectedConvCmd) refers to stm32f10x_adc.o(.text.ADC_ExternalTrigInjectedConvCmd) for [Anonymous Symbol]
    stm32f10x_adc.o(.ARM.exidx.text.ADC_SoftwareStartInjectedConvCmd) refers to stm32f10x_adc.o(.text.ADC_SoftwareStartInjectedConvCmd) for [Anonymous Symbol]
    stm32f10x_adc.o(.ARM.exidx.text.ADC_GetSoftwareStartInjectedConvCmdStatus) refers to stm32f10x_adc.o(.text.ADC_GetSoftwareStartInjectedConvCmdStatus) for [Anonymous Symbol]
    stm32f10x_adc.o(.ARM.exidx.text.ADC_InjectedChannelConfig) refers to stm32f10x_adc.o(.text.ADC_InjectedChannelConfig) for [Anonymous Symbol]
    stm32f10x_adc.o(.ARM.exidx.text.ADC_InjectedSequencerLengthConfig) refers to stm32f10x_adc.o(.text.ADC_InjectedSequencerLengthConfig) for [Anonymous Symbol]
    stm32f10x_adc.o(.ARM.exidx.text.ADC_SetInjectedOffset) refers to stm32f10x_adc.o(.text.ADC_SetInjectedOffset) for [Anonymous Symbol]
    stm32f10x_adc.o(.ARM.exidx.text.ADC_GetInjectedConversionValue) refers to stm32f10x_adc.o(.text.ADC_GetInjectedConversionValue) for [Anonymous Symbol]
    stm32f10x_adc.o(.ARM.exidx.text.ADC_AnalogWatchdogCmd) refers to stm32f10x_adc.o(.text.ADC_AnalogWatchdogCmd) for [Anonymous Symbol]
[...]
    Removing statisticsfunctions.o(.ARM.exidx.text.arm_accumulate_f64), (8 bytes).
    Removing statisticsfunctionsf16.o(.text), (0 bytes).
    Removing statisticsfunctionsf16.o(.text.arm_max_f16), (110 bytes).
    Removing statisticsfunctionsf16.o(.ARM.exidx.text.arm_max_f16), (8 bytes).
    Removing statisticsfunctionsf16.o(.text.arm_min_f16), (110 bytes).
    Removing statisticsfunctionsf16.o(.ARM.exidx.text.arm_min_f16), (8 bytes).
    Removing statisticsfunctionsf16.o(.text.arm_mean_f16), (100 bytes).
    Removing statisticsfunctionsf16.o(.ARM.exidx.text.arm_mean_f16), (8 bytes).
    Removing statisticsfunctionsf16.o(.text.arm_power_f16), (76 bytes).
    Removing statisticsfunctionsf16.o(.ARM.exidx.text.arm_power_f16), (8 bytes).
    Removing statisticsfunctionsf16.o(.text.arm_rms_f16), (152 bytes).
    Removing statisticsfunctionsf16.o(.ARM.exidx.text.arm_rms_f16), (8 bytes).
    Removing statisticsfunctionsf16.o(.text.arm_std_f16), (262 bytes).
    Removing statisticsfunctionsf16.o(.ARM.exidx.text.arm_std_f16), (8 bytes).
    Removing statisticsfunctionsf16.o(.text.arm_var_f16), (214 bytes).
    Removing statisticsfunctionsf16.o(.ARM.exidx.text.arm_var_f16), (8 bytes).
    Removing statisticsfunctionsf16.o(.text.arm_entropy_f16), (88 bytes).
    Removing statisticsfunctionsf16.o(.ARM.exidx.text.arm_entropy_f16), (8 bytes).
    Removing statisticsfunctionsf16.o(.text.arm_kullback_leibler_f16), (112 bytes).
    Removing statisticsfunctionsf16.o(.ARM.exidx.text.arm_kullback_leibler_f16), (8 bytes).
    Removing statisticsfunctionsf16.o(.text.arm_logsumexp_dot_prod_f16), (26 bytes).
    Removing statisticsfunctionsf16.o(.ARM.exidx.text.arm_logsumexp_dot_prod_f16), (8 bytes).
    Removing statisticsfunctionsf16.o(.text.arm_logsumexp_f16), (204 bytes).
    Removing statisticsfunctionsf16.o(.ARM.exidx.text.arm_logsumexp_f16), (8 bytes).
    Removing statisticsfunctionsf16.o(.text.arm_max_no_idx_f16), (78 bytes).
    Removing statisticsfunctionsf16.o(.ARM.exidx.text.arm_max_no_idx_f16), (8 bytes).
    Removing statisticsfunctionsf16.o(.text.arm_min_no_idx_f16), (78 bytes).
    Removing statisticsfunctionsf16.o(.ARM.exidx.text.arm_min_no_idx_f16), (8 bytes).
    Removing statisticsfunctionsf16.o(.text.arm_absmax_f16), (116 bytes).
    Removing statisticsfunctionsf16.o(.ARM.exidx.text.arm_absmax_f16), (8 bytes).
    Removing statisticsfunctionsf16.o(.text.arm_absmin_f16), (116 bytes).
    Removing statisticsfunctionsf16.o(.ARM.exidx.text.arm_absmin_f16), (8 bytes).
    Removing statisticsfunctionsf16.o(.text.arm_absmax_no_idx_f16), (76 bytes).
    Removing statisticsfunctionsf16.o(.ARM.exidx.text.arm_absmax_no_idx_f16), (8 bytes).
    Removing statisticsfunctionsf16.o(.text.arm_absmin_no_idx_f16), (76 bytes).
    Removing statisticsfunctionsf16.o(.ARM.exidx.text.arm_absmin_no_idx_f16), (8 bytes).
    Removing statisticsfunctionsf16.o(.text.arm_mse_f16), (132 bytes).
    Removing statisticsfunctionsf16.o(.ARM.exidx.text.arm_mse_f16), (8 bytes).
    Removing statisticsfunctionsf16.o(.text.arm_accumulate_f16), (66 bytes).
    Removing statisticsfunctionsf16.o(.ARM.exidx.text.arm_accumulate_f16), (8 bytes).
    Removing supportfunctions.o(.text), (0 bytes).
    Removing supportfunctions.o(.text.arm_barycenter_f32), (156 bytes).
    Removing supportfunctions.o(.ARM.exidx.text.arm_barycenter_f32), (8 bytes).
    Removing supportfunctions.o(.text.arm_bitonic_sort_f32), (278 bytes).
    Removing supportfunctions.o(.ARM.exidx.text.arm_bitonic_sort_f32), (8 bytes).
    Removing supportfunctions.o(.text.arm_bubble_sort_f32), (118 bytes).
    Removing supportfunctions.o(.ARM.exidx.text.arm_bubble_sort_f32), (8 bytes).
    Removing supportfunctions.o(.text.arm_copy_f32), (26 bytes).
    Removing supportfunctions.o(.ARM.exidx.text.arm_copy_f32), (8 bytes).
    Removing supportfunctions.o(.text.arm_copy_f64), (34 bytes).
    Removing supportfunctions.o(.ARM.exidx.text.arm_copy_f64), (8 bytes).
    Removing supportfunctions.o(.text.arm_copy_q15), (26 bytes).
    Removing supportfunctions.o(.ARM.exidx.text.arm_copy_q15), (8 bytes).
    Removing supportfunctions.o(.text.arm_copy_q31), (26 bytes).
    Removing supportfunctions.o(.ARM.exidx.text.arm_copy_q31), (8 bytes).
    Removing supportfunctions.o(.text.arm_copy_q7), (26 bytes).
    Removing supportfunctions.o(.ARM.exidx.text.arm_copy_q7), (8 bytes).
    Removing supportfunctions.o(.text.arm_fill_f32), (18 bytes).
    Removing supportfunctions.o(.ARM.exidx.text.arm_fill_f32), (8 bytes).
    Removing supportfunctions.o(.text.arm_fill_f64), (20 bytes).
    Removing supportfunctions.o(.ARM.exidx.text.arm_fill_f64), (8 bytes).
    Removing supportfunctions.o(.text.arm_fill_q15), (18 bytes).
    Removing supportfunctions.o(.ARM.exidx.text.arm_fill_q15), (8 bytes).
    Removing supportfunctions.o(.text.arm_fill_q31), (18 bytes).
    Removing supportfunctions.o(.ARM.exidx.text.arm_fill_q31), (8 bytes).
    Removing supportfunctions.o(.text.arm_fill_q7), (22 bytes).
    Removing supportfunctions.o(.ARM.exidx.text.arm_fill_q7), (8 bytes).
    Removing supportfunctions.o(.text.arm_heap_sort_f32), (98 bytes).
    Removing supportfunctions.o(.ARM.exidx.text.arm_heap_sort_f32), (8 bytes).
    Removing supportfunctions.o(.text.arm_heapify), (114 bytes).
    Removing supportfunctions.o(.ARM.exidx.text.arm_heapify), (8 bytes).
    Removing supportfunctions.o(.text.arm_insertion_sort_f32), (114 bytes).
    Removing supportfunctions.o(.ARM.exidx.text.arm_insertion_sort_f32), (8 bytes).
    Removing supportfunctions.o(.text.arm_merge_sort_f32), (64 bytes).
    Removing supportfunctions.o(.ARM.exidx.text.arm_merge_sort_f32), (8 bytes).
    Removing supportfunctions.o(.text.arm_merge_sort_core_f32), (136 bytes).
    Removing supportfunctions.o(.ARM.exidx.text.arm_merge_sort_core_f32), (8 bytes).
    Removing supportfunctions.o(.text.arm_merge_sort_init_f32), (6 bytes).
    Removing supportfunctions.o(.ARM.exidx.text.arm_merge_sort_init_f32), (8 bytes).
    Removing supportfunctions.o(.text.arm_quick_sort_f32), (40 bytes).
    Removing supportfunctions.o(.ARM.exidx.text.arm_quick_sort_f32), (8 bytes).
    Removing supportfunctions.o(.text.arm_quick_sort_core_f32), (192 bytes).
    Removing supportfunctions.o(.ARM.exidx.text.arm_quick_sort_core_f32), (8 bytes).
    Removing supportfunctions.o(.text.arm_selection_sort_f32), (148 bytes).
    Removing supportfunctions.o(.ARM.exidx.text.arm_selection_sort_f32), (8 bytes).
    Removing supportfunctions.o(.text.arm_sort_f32), (554 bytes).
    Removing supportfunctions.o(.ARM.exidx.text.arm_sort_f32), (8 bytes).
    Removing supportfunctions.o(.text.arm_sort_init_f32), (6 bytes).
    Removing supportfunctions.o(.ARM.exidx.text.arm_sort_init_f32), (8 bytes).
    Removing supportfunctions.o(.text.arm_weighted_sum_f32), (82 bytes).
    Removing supportfunctions.o(.ARM.exidx.text.arm_weighted_sum_f32), (8 bytes).
    Removing supportfunctions.o(.text.arm_f64_to_float), (36 bytes).
    Removing supportfunctions.o(.ARM.exidx.text.arm_f64_to_float), (8 bytes).
    Removing supportfunctions.o(.text.arm_f64_to_q31), (116 bytes).
    Removing supportfunctions.o(.ARM.exidx.text.arm_f64_to_q31), (8 bytes).
    Removing supportfunctions.o(.text.arm_f64_to_q15), (54 bytes).
    Removing supportfunctions.o(.ARM.exidx.text.arm_f64_to_q15), (8 bytes).
    Removing supportfunctions.o(.text.arm_f64_to_q7), (54 bytes).
    Removing supportfunctions.o(.ARM.exidx.text.arm_f64_to_q7), (8 bytes).
    Removing supportfunctions.o(.text.arm_float_to_f64), (36 bytes).
    Removing supportfunctions.o(.ARM.exidx.text.arm_float_to_f64), (8 bytes).
    Removing supportfunctions.o(.text.arm_float_to_q15), (46 bytes).
    Removing supportfunctions.o(.ARM.exidx.text.arm_float_to_q15), (8 bytes).
    Removing supportfunctions.o(.text.arm_float_to_q31), (108 bytes).
    Removing supportfunctions.o(.ARM.exidx.text.arm_float_to_q31), (8 bytes).
    Removing supportfunctions.o(.text.arm_float_to_q7), (46 bytes).
    Removing supportfunctions.o(.ARM.exidx.text.arm_float_to_q7), (8 bytes).
    Removing supportfunctions.o(.text.arm_q15_to_f64), (46 bytes).
    Removing supportfunctions.o(.ARM.exidx.text.arm_q15_to_f64), (8 bytes).
    Removing supportfunctions.o(.text.arm_q15_to_float), (42 bytes).
    Removing supportfunctions.o(.ARM.exidx.text.arm_q15_to_float), (8 bytes).
    Removing supportfunctions.o(.text.arm_q15_to_q31), (30 bytes).
    Removing supportfunctions.o(.ARM.exidx.text.arm_q15_to_q31), (8 bytes).
    Removing supportfunctions.o(.text.arm_q15_to_q7), (26 bytes).
    Removing supportfunctions.o(.ARM.exidx.text.arm_q15_to_q7), (8 bytes).
    Removing supportfunctions.o(.text.arm_q31_to_f64), (46 bytes).
    Removing supportfunctions.o(.ARM.exidx.text.arm_q31_to_f64), (8 bytes).
    Removing supportfunctions.o(.text.arm_q31_to_float), (42 bytes).
    Removing supportfunctions.o(.ARM.exidx.text.arm_q31_to_float), (8 bytes).
    Removing supportfunctions.o(.text.arm_q31_to_q15), (26 bytes).
    Removing supportfunctions.o(.ARM.exidx.text.arm_q31_to_q15), (8 bytes).
    Removing supportfunctions.o(.text.arm_q31_to_q7), (26 bytes).
    Removing supportfunctions.o(.ARM.exidx.text.arm_q31_to_q7), (8 bytes).
    Removing supportfunctions.o(.text.arm_q7_to_f64), (46 bytes).
    Removing supportfunctions.o(.ARM.exidx.text.arm_q7_to_f64), (8 bytes).
    Removing supportfunctions.o(.text.arm_q7_to_float), (42 bytes).
    Removing supportfunctions.o(.ARM.exidx.text.arm_q7_to_float), (8 bytes).
    Removing supportfunctions.o(.text.arm_q7_to_q15), (30 bytes).
    Removing supportfunctions.o(.ARM.exidx.text.arm_q7_to_q15), (8 bytes).
    Removing supportfunctions.o(.text.arm_q7_to_q31), (30 bytes).
    Removing supportfunctions.o(.ARM.exidx.text.arm_q7_to_q31), (8 bytes).
    Removing supportfunctionsf16.o(.text), (0 bytes).
    Removing supportfunctionsf16.o(.text.arm_copy_f16), (38 bytes).
    Removing supportfunctionsf16.o(.ARM.exidx.text.arm_copy_f16), (8 bytes).
    Removing supportfunctionsf16.o(.text.arm_fill_f16), (18 bytes).
    Removing supportfunctionsf16.o(.ARM.exidx.text.arm_fill_f16), (8 bytes).
    Removing supportfunctionsf16.o(.text.arm_f16_to_q15), (70 bytes).
    Removing supportfunctionsf16.o(.ARM.exidx.text.arm_f16_to_q15), (8 bytes).
    Removing supportfunctionsf16.o(.text.arm_f16_to_float), (34 bytes).
    Removing supportfunctionsf16.o(.ARM.exidx.text.arm_f16_to_float), (8 bytes).
    Removing supportfunctionsf16.o(.text.arm_f16_to_f64), (40 bytes).
    Removing supportfunctionsf16.o(.ARM.exidx.text.arm_f16_to_f64), (8 bytes).
    Removing supportfunctionsf16.o(.text.arm_f64_to_f16), (46 bytes).
    Removing supportfunctionsf16.o(.ARM.exidx.text.arm_f64_to_f16), (8 bytes).
    Removing supportfunctionsf16.o(.text.arm_q15_to_f16), (56 bytes).
    Removing supportfunctionsf16.o(.ARM.exidx.text.arm_q15_to_f16), (8 bytes).
    Removing supportfunctionsf16.o(.text.arm_float_to_f16), (44 bytes).
    Removing supportfunctionsf16.o(.ARM.exidx.text.arm_float_to_f16), (8 bytes).
    Removing supportfunctionsf16.o(.text.arm_weighted_sum_f16), (136 bytes).
    Removing supportfunctionsf16.o(.ARM.exidx.text.arm_weighted_sum_f16), (8 bytes).
    Removing supportfunctionsf16.o(.text.arm_barycenter_f16), (230 bytes).
    Removing supportfunctionsf16.o(.ARM.exidx.text.arm_barycenter_f16), (8 bytes).
    Removing transformfunctions.o(.text), (0 bytes).
    Removing transformfunctions.o(.text.arm_bitreversal_f32), (166 bytes).
    Removing transformfunctions.o(.ARM.exidx.text.arm_bitreversal_f32), (8 bytes).
    Removing transformfunctions.o(.text.arm_bitreversal_q31), (172 bytes).
    Removing transformfunctions.o(.ARM.exidx.text.arm_bitreversal_q31), (8 bytes).
    Removing transformfunctions.o(.text.arm_bitreversal_q15), (114 bytes).
    Removing transformfunctions.o(.ARM.exidx.text.arm_bitreversal_q15), (8 bytes).
    Removing transformfunctions.o(.text.arm_bitreversal_64), (142 bytes).
    Removing transformfunctions.o(.ARM.exidx.text.arm_bitreversal_64), (8 bytes).
    Removing transformfunctions.o(.text.arm_bitreversal_32), (72 bytes).
    Removing transformfunctions.o(.ARM.exidx.text.arm_bitreversal_32), (8 bytes).
    Removing transformfunctions.o(.text.arm_bitreversal_16), (80 bytes).
    Removing transformfunctions.o(.ARM.exidx.text.arm_bitreversal_16), (8 bytes).
    Removing transformfunctions.o(.text.arm_cfft_radix8by2_f32), (756 bytes).
    Removing transformfunctions.o(.ARM.exidx.text.arm_cfft_radix8by2_f32), (8 bytes).
    Removing transformfunctions.o(.text.arm_radix8_butterfly_f32), (2338 bytes).
    Removing transformfunctions.o(.ARM.exidx.text.arm_radix8_butterfly_f32), (8 bytes).
    Removing transformfunctions.o(.text.arm_cfft_radix8by4_f32), (1984 bytes).
    Removing transformfunctions.o(.ARM.exidx.text.arm_cfft_radix8by4_f32), (8 bytes).
    Removing transformfunctions.o(.text.arm_cfft_f32), (322 bytes).
    Removing transformfunctions.o(.ARM.exidx.text.arm_cfft_f32), (8 bytes).
    Removing transformfunctions.o(.text.arm_radix4_butterfly_f64), (912 bytes).
    Removing transformfunctions.o(.ARM.exidx.text.arm_radix4_butterfly_f64), (8 bytes).
    Removing transformfunctions.o(.text.arm_cfft_radix4by2_f64), (362 bytes).
    Removing transformfunctions.o(.ARM.exidx.text.arm_cfft_radix4by2_f64), (8 bytes).
    Removing transformfunctions.o(.text.arm_cfft_f64), (390 bytes).
    Removing transformfunctions.o(.ARM.exidx.text.arm_cfft_f64), (8 bytes).
    Removing transformfunctions.o(.text.arm_cfft_q15), (292 bytes).
    Removing transformfunctions.o(.ARM.exidx.text.arm_cfft_q15), (8 bytes).
    Removing transformfunctions.o(.text.arm_radix4_butterfly_inverse_q15), (1294 bytes).
    Removing transformfunctions.o(.ARM.exidx.text.arm_radix4_butterfly_inverse_q15), (8 bytes).
    Removing transformfunctions.o(.text.arm_cfft_radix4by2_inverse_q15), (242 bytes).
    Removing transformfunctions.o(.ARM.exidx.text.arm_cfft_radix4by2_inverse_q15), (8 bytes).
    Removing transformfunctions.o(.text.arm_radix4_butterfly_q15), (1310 bytes).
    Removing transformfunctions.o(.ARM.exidx.text.arm_radix4_butterfly_q15), (8 bytes).
    Removing transformfunctions.o(.text.arm_cfft_radix4by2_q15), (242 bytes).
    Removing transformfunctions.o(.ARM.exidx.text.arm_cfft_radix4by2_q15), (8 bytes).
    Removing transformfunctions.o(.text.arm_cfft_q31), (286 bytes).
    Removing transformfunctions.o(.ARM.exidx.text.arm_cfft_q31), (8 bytes).
    Removing transformfunctions.o(.text.arm_radix4_butterfly_inverse_q31), (1010 bytes).
    Removing transformfunctions.o(.ARM.exidx.text.arm_radix4_butterfly_inverse_q31), (8 bytes).
    Removing transformfunctions.o(.text.arm_cfft_radix4by2_inverse_q31), (266 bytes).
    Removing transformfunctions.o(.ARM.exidx.text.arm_cfft_radix4by2_inverse_q31), (8 bytes).
    Removing transformfunctions.o(.text.arm_radix4_butterfly_q31), (1016 bytes).
    Removing transformfunctions.o(.ARM.exidx.text.arm_radix4_butterfly_q31), (8 bytes).
    Removing transformfunctions.o(.text.arm_cfft_radix4by2_q31), (278 bytes).
    Removing transformfunctions.o(.ARM.exidx.text.arm_cfft_radix4by2_q31), (8 bytes).
    Removing transformfunctions.o(.text.arm_cfft_init_f32), (180 bytes).
    Removing transformfunctions.o(.ARM.exidx.text.arm_cfft_init_f32), (8 bytes).
    Removing transformfunctions.o(.text.arm_cfft_init_f64), (180 bytes).
    Removing transformfunctions.o(.ARM.exidx.text.arm_cfft_init_f64), (8 bytes).
    Removing transformfunctions.o(.text.arm_cfft_init_q15), (180 bytes).
    Removing transformfunctions.o(.ARM.exidx.text.arm_cfft_init_q15), (8 bytes).
    Removing transformfunctions.o(.text.arm_cfft_init_q31), (180 bytes).
    Removing transformfunctions.o(.ARM.exidx.text.arm_cfft_init_q31), (8 bytes).
    Removing transformfunctions.o(.text.arm_cfft_radix2_f32), (74 bytes).
    Removing transformfunctions.o(.ARM.exidx.text.arm_cfft_radix2_f32), (8 bytes).
    Removing transformfunctions.o(.text.arm_radix2_butterfly_inverse_f32), (492 bytes).
    Removing transformfunctions.o(.ARM.exidx.text.arm_radix2_butterfly_inverse_f32), (8 bytes).
    Removing transformfunctions.o(.text.arm_radix2_butterfly_f32), (306 bytes).
    Removing transformfunctions.o(.ARM.exidx.text.arm_radix2_butterfly_f32), (8 bytes).
    Removing transformfunctions.o(.text.arm_cfft_radix2_q15), (154 bytes).
    Removing transformfunctions.o(.ARM.exidx.text.arm_cfft_radix2_q15), (8 bytes).
    Removing transformfunctions.o(.text.arm_radix2_butterfly_inverse_q15), (538 bytes).
    Removing transformfunctions.o(.ARM.exidx.text.arm_radix2_butterfly_inverse_q15), (8 bytes).
    Removing transformfunctions.o(.text.arm_radix2_butterfly_q15), (552 bytes).
    Removing transformfunctions.o(.ARM.exidx.text.arm_radix2_butterfly_q15), (8 bytes).
    Removing transformfunctions.o(.text.arm_cfft_radix2_q31), (198 bytes).
    Removing transformfunctions.o(.ARM.exidx.text.arm_cfft_radix2_q31), (8 bytes).
    Removing transformfunctions.o(.text.arm_radix2_butterfly_inverse_q31), (552 bytes).
    Removing transformfunctions.o(.ARM.exidx.text.arm_radix2_butterfly_inverse_q31), (8 bytes).
    Removing transformfunctions.o(.text.arm_radix2_butterfly_q31), (560 bytes).
    Removing transformfunctions.o(.ARM.exidx.text.arm_radix2_butterfly_q31), (8 bytes).
    Removing transformfunctions.o(.text.arm_cfft_radix4_f32), (74 bytes).
    Removing transformfunctions.o(.ARM.exidx.text.arm_cfft_radix4_f32), (8 bytes).
    Removing transformfunctions.o(.text.arm_radix4_butterfly_inverse_f32), (1060 bytes).
    Removing transformfunctions.o(.ARM.exidx.text.arm_radix4_butterfly_inverse_f32), (8 bytes).
    Removing transformfunctions.o(.text.arm_radix4_butterfly_f32), (654 bytes).
    Removing transformfunctions.o(.ARM.exidx.text.arm_radix4_butterfly_f32), (8 bytes).
    Removing transformfunctions.o(.text.arm_cfft_radix4_q15), (162 bytes).
    Removing transformfunctions.o(.ARM.exidx.text.arm_cfft_radix4_q15), (8 bytes).
    Removing transformfunctions.o(.text.arm_cfft_radix4_q31), (202 bytes).
    Removing transformfunctions.o(.ARM.exidx.text.arm_cfft_radix4_q31), (8 bytes).
    Removing transformfunctions.o(.text.stage_rfft_f32), (270 bytes).
    Removing transformfunctions.o(.ARM.exidx.text.stage_rfft_f32), (8 bytes).
    Removing transformfunctions.o(.text.merge_rfft_f32), (260 bytes).
    Removing transformfunctions.o(.ARM.exidx.text.merge_rfft_f32), (8 bytes).
    Removing transformfunctions.o(.text.arm_rfft_fast_f32), (70 bytes).
    Removing transformfunctions.o(.ARM.exidx.text.arm_rfft_fast_f32), (8 bytes).
    Removing transformfunctions.o(.text.stage_rfft_f64), (418 bytes).
    Removing transformfunctions.o(.ARM.exidx.text.stage_rfft_f64), (8 bytes).
    Removing transformfunctions.o(.text.merge_rfft_f64), (408 bytes).
    Removing transformfunctions.o(.ARM.exidx.text.merge_rfft_f64), (8 bytes).
    Removing transformfunctions.o(.text.arm_rfft_fast_f64), (76 bytes).
    Removing transformfunctions.o(.ARM.exidx.text.arm_rfft_fast_f64), (8 bytes).
    Removing transformfunctions.o(.text.arm_rfft_fast_init_f32), (152 bytes).
    Removing transformfunctions.o(.ARM.exidx.text.arm_rfft_fast_init_f32), (8 bytes).
    Removing transformfunctions.o(.text.arm_rfft_4096_fast_init_f32), (56 bytes).
    Removing transformfunctions.o(.ARM.exidx.text.arm_rfft_4096_fast_init_f32), (8 bytes).
    Removing transformfunctions.o(.text.arm_rfft_2048_fast_init_f32), (56 bytes).
    Removing transformfunctions.o(.ARM.exidx.text.arm_rfft_2048_fast_init_f32), (8 bytes).
    Removing transformfunctions.o(.text.arm_rfft_1024_fast_init_f32), (56 bytes).
    Removing transformfunctions.o(.ARM.exidx.text.arm_rfft_1024_fast_init_f32), (8 bytes).
    Removing transformfunctions.o(.text.arm_rfft_512_fast_init_f32), (56 bytes).
    Removing transformfunctions.o(.ARM.exidx.text.arm_rfft_512_fast_init_f32), (8 bytes).
    Removing transformfunctions.o(.text.arm_rfft_256_fast_init_f32), (54 bytes).
    Removing transformfunctions.o(.ARM.exidx.text.arm_rfft_256_fast_init_f32), (8 bytes).
    Removing transformfunctions.o(.text.arm_rfft_128_fast_init_f32), (52 bytes).
    Removing transformfunctions.o(.ARM.exidx.text.arm_rfft_128_fast_init_f32), (8 bytes).
    Removing transformfunctions.o(.text.arm_rfft_64_fast_init_f32), (52 bytes).
    Removing transformfunctions.o(.ARM.exidx.text.arm_rfft_64_fast_init_f32), (8 bytes).
    Removing transformfunctions.o(.text.arm_rfft_32_fast_init_f32), (52 bytes).
    Removing transformfunctions.o(.ARM.exidx.text.arm_rfft_32_fast_init_f32), (8 bytes).
    Removing transformfunctions.o(.text.arm_rfft_fast_init_f64), (152 bytes).
    Removing transformfunctions.o(.ARM.exidx.text.arm_rfft_fast_init_f64), (8 bytes).
    Removing transformfunctions.o(.text.arm_rfft_4096_fast_init_f64), (62 bytes).
    Removing transformfunctions.o(.ARM.exidx.text.arm_rfft_4096_fast_init_f64), (8 bytes).
    Removing transformfunctions.o(.text.arm_rfft_2048_fast_init_f64), (62 bytes).
    Removing transformfunctions.o(.ARM.exidx.text.arm_rfft_2048_fast_init_f64), (8 bytes).
    Removing transformfunctions.o(.text.arm_rfft_1024_fast_init_f64), (62 bytes).
    Removing transformfunctions.o(.ARM.exidx.text.arm_rfft_1024_fast_init_f64), (8 bytes).
    Removing transformfunctions.o(.text.arm_rfft_512_fast_init_f64), (60 bytes).
    Removing transformfunctions.o(.ARM.exidx.text.arm_rfft_512_fast_init_f64), (8 bytes).
    Removing transformfunctions.o(.text.arm_rfft_256_fast_init_f64), (58 bytes).
    Removing transformfunctions.o(.ARM.exidx.text.arm_rfft_256_fast_init_f64), (8 bytes).
    Removing transformfunctions.o(.text.arm_rfft_128_fast_init_f64), (56 bytes).
    Removing transformfunctions.o(.ARM.exidx.text.arm_rfft_128_fast_init_f64), (8 bytes).
    Removing transformfunctions.o(.text.arm_rfft_64_fast_init_f64), (56 bytes).
    Removing transformfunctions.o(.ARM.exidx.text.arm_rfft_64_fast_init_f64), (8 bytes).
    Removing transformfunctions.o(.text.arm_rfft_32_fast_init_f64), (56 bytes).
    Removing transformfunctions.o(.ARM.exidx.text.arm_rfft_32_fast_init_f64), (8 bytes).
    Removing transformfunctions.o(.text.arm_mfcc_init_f32), (190 bytes).
    Removing transformfunctions.o(.ARM.exidx.text.arm_mfcc_init_f32), (8 bytes).
    Removing transformfunctions.o(.text.arm_mfcc_f32), (242 bytes).
    Removing transformfunctions.o(.ARM.exidx.text.arm_mfcc_f32), (8 bytes).
    Removing transformfunctions.o(.text.arm_mfcc_init_q31), (242 bytes).
    Removing transformfunctions.o(.ARM.exidx.text.arm_mfcc_init_q31), (8 bytes).
    Removing transformfunctions.o(.text.arm_rfft_init_q31), (212 bytes).
    Removing transformfunctions.o(.ARM.exidx.text.arm_rfft_init_q31), (8 bytes).
    Removing transformfunctions.o(.text.arm_mfcc_q31), (316 bytes).
    Removing transformfunctions.o(.ARM.exidx.text.arm_mfcc_q31), (8 bytes).
    Removing transformfunctions.o(.text.arm_rfft_q31), (110 bytes).
    Removing transformfunctions.o(.ARM.exidx.text.arm_rfft_q31), (8 bytes).
    Removing transformfunctions.o(.text.arm_mfcc_init_q15), (242 bytes).
    Removing transformfunctions.o(.ARM.exidx.text.arm_mfcc_init_q15), (8 bytes).
    Removing transformfunctions.o(.text.arm_rfft_init_q15), (212 bytes).
    Removing transformfunctions.o(.ARM.exidx.text.arm_rfft_init_q15), (8 bytes).
    Removing transformfunctions.o(.text.arm_mfcc_q15), (340 bytes).
    Removing transformfunctions.o(.ARM.exidx.text.arm_mfcc_q15), (8 bytes).
    Removing transformfunctions.o(.text.arm_rfft_q15), (234 bytes).
    Removing transformfunctions.o(.ARM.exidx.text.arm_rfft_q15), (8 bytes).
    Removing transformfunctions.o(.text.arm_dct4_f32), (206 bytes).
    Removing transformfunctions.o(.ARM.exidx.text.arm_dct4_f32), (8 bytes).
    Removing transformfunctions.o(.text.arm_rfft_f32), (340 bytes).
    Removing transformfunctions.o(.ARM.exidx.text.arm_rfft_f32), (8 bytes).
    Removing transformfunctions.o(.text.arm_dct4_init_f32), (154 bytes).
    Removing transformfunctions.o(.ARM.exidx.text.arm_dct4_init_f32), (8 bytes).
    Removing transformfunctions.o(.text.arm_rfft_init_f32), (264 bytes).
    Removing transformfunctions.o(.ARM.exidx.text.arm_rfft_init_f32), (8 bytes).
    Removing transformfunctions.o(.text.arm_dct4_init_q15), (336 bytes).
    Removing transformfunctions.o(.ARM.exidx.text.arm_dct4_init_q15), (8 bytes).
    Removing transformfunctions.o(.text.arm_dct4_init_q31), (336 bytes).
    Removing transformfunctions.o(.ARM.exidx.text.arm_dct4_init_q31), (8 bytes).
    Removing transformfunctions.o(.text.arm_dct4_q15), (198 bytes).
    Removing transformfunctions.o(.ARM.exidx.text.arm_dct4_q15), (8 bytes).
    Removing transformfunctions.o(.text.arm_dct4_q31), (220 bytes).
    Removing transformfunctions.o(.ARM.exidx.text.arm_dct4_q31), (8 bytes).
    Removing transformfunctions.o(.text.arm_split_rifft_f32), (214 bytes).
    Removing transformfunctions.o(.ARM.exidx.text.arm_split_rifft_f32), (8 bytes).
    Removing transformfunctions.o(.text.arm_split_rfft_f32), (302 bytes).
    Removing transformfunctions.o(.ARM.exidx.text.arm_split_rfft_f32), (8 bytes).
    Removing transformfunctions.o(.text.arm_split_rifft_q15), (144 bytes).
    Removing transformfunctions.o(.ARM.exidx.text.arm_split_rifft_q15), (8 bytes).
    Removing transformfunctions.o(.text.arm_split_rfft_q15), (208 bytes).
    Removing transformfunctions.o(.ARM.exidx.text.arm_split_rfft_q15), (8 bytes).
    Removing transformfunctions.o(.text.arm_split_rifft_q31), (190 bytes).
    Removing transformfunctions.o(.ARM.exidx.text.arm_split_rifft_q31), (8 bytes).
    Removing transformfunctions.o(.text.arm_split_rfft_q31), (320 bytes).
    Removing transformfunctions.o(.ARM.exidx.text.arm_split_rfft_q31), (8 bytes).
    Removing transformfunctions.o(.text.arm_cfft_radix4_init_f32), (124 bytes).
    Removing transformfunctions.o(.ARM.exidx.text.arm_cfft_radix4_init_f32), (8 bytes).
    Removing transformfunctions.o(.text.arm_cfft_radix4_init_q15), (102 bytes).
    Removing transformfunctions.o(.ARM.exidx.text.arm_cfft_radix4_init_q15), (8 bytes).
    Removing transformfunctions.o(.text.arm_cfft_radix4_init_q31), (102 bytes).
    Removing transformfunctions.o(.ARM.exidx.text.arm_cfft_radix4_init_q31), (8 bytes).
    Removing transformfunctions.o(.text.arm_cfft_radix2_init_f32), (190 bytes).
    Removing transformfunctions.o(.ARM.exidx.text.arm_cfft_radix2_init_f32), (8 bytes).
    Removing transformfunctions.o(.text.arm_cfft_radix2_init_q15), (152 bytes).
    Removing transformfunctions.o(.ARM.exidx.text.arm_cfft_radix2_init_q15), (8 bytes).
    Removing transformfunctions.o(.text.arm_cfft_radix2_init_q31), (152 bytes).
    Removing transformfunctions.o(.ARM.exidx.text.arm_cfft_radix2_init_q31), (8 bytes).
    Removing transformfunctionsf16.o(.text), (0 bytes).
    Removing transformfunctionsf16.o(.text.arm_cfft_f16), (294 bytes).
    Removing transformfunctionsf16.o(.ARM.exidx.text.arm_cfft_f16), (8 bytes).
    Removing transformfunctionsf16.o(.text.arm_radix4_butterfly_f16), (808 bytes).
    Removing transformfunctionsf16.o(.ARM.exidx.text.arm_radix4_butterfly_f16), (8 bytes).
    Removing transformfunctionsf16.o(.text.arm_cfft_radix4by2_f16), (306 bytes).
    Removing transformfunctionsf16.o(.ARM.exidx.text.arm_cfft_radix4by2_f16), (8 bytes).
    Removing transformfunctionsf16.o(.text.arm_cfft_init_f16), (180 bytes).
    Removing transformfunctionsf16.o(.ARM.exidx.text.arm_cfft_init_f16), (8 bytes).
    Removing transformfunctionsf16.o(.text.arm_cfft_radix2_f16), (74 bytes).
    Removing transformfunctionsf16.o(.ARM.exidx.text.arm_cfft_radix2_f16), (8 bytes).
    Removing transformfunctionsf16.o(.text.arm_radix2_butterfly_inverse_f16), (606 bytes).
    Removing transformfunctionsf16.o(.ARM.exidx.text.arm_radix2_butterfly_inverse_f16), (8 bytes).
    Removing transformfunctionsf16.o(.text.arm_radix2_butterfly_f16), (362 bytes).
    Removing transformfunctionsf16.o(.ARM.exidx.text.arm_radix2_butterfly_f16), (8 bytes).
    Removing transformfunctionsf16.o(.text.arm_bitreversal_f16), (336 bytes).
    Removing transformfunctionsf16.o(.ARM.exidx.text.arm_bitreversal_f16), (8 bytes).
    Removing transformfunctionsf16.o(.text.arm_cfft_radix4_f16), (74 bytes).
    Removing transformfunctionsf16.o(.ARM.exidx.text.arm_cfft_radix4_f16), (8 bytes).
    Removing transformfunctionsf16.o(.text.arm_radix4_butterfly_inverse_f16), (1352 bytes).
    Removing transformfunctionsf16.o(.ARM.exidx.text.arm_radix4_butterfly_inverse_f16), (8 bytes).
    Removing transformfunctionsf16.o(.text.arm_rfft_fast_init_f16), (152 bytes).
    Removing transformfunctionsf16.o(.ARM.exidx.text.arm_rfft_fast_init_f16), (8 bytes).
    Removing transformfunctionsf16.o(.text.arm_rfft_4096_fast_init_f16), (56 bytes).
    Removing transformfunctionsf16.o(.ARM.exidx.text.arm_rfft_4096_fast_init_f16), (8 bytes).
    Removing transformfunctionsf16.o(.text.arm_rfft_2048_fast_init_f16), (56 bytes).
    Removing transformfunctionsf16.o(.ARM.exidx.text.arm_rfft_2048_fast_init_f16), (8 bytes).
    Removing transformfunctionsf16.o(.text.arm_rfft_1024_fast_init_f16), (56 bytes).
    Removing transformfunctionsf16.o(.ARM.exidx.text.arm_rfft_1024_fast_init_f16), (8 bytes).
    Removing transformfunctionsf16.o(.text.arm_rfft_512_fast_init_f16), (56 bytes).
    Removing transformfunctionsf16.o(.ARM.exidx.text.arm_rfft_512_fast_init_f16), (8 bytes).
    Removing transformfunctionsf16.o(.text.arm_rfft_256_fast_init_f16), (54 bytes).
    Removing transformfunctionsf16.o(.ARM.exidx.text.arm_rfft_256_fast_init_f16), (8 bytes).
    Removing transformfunctionsf16.o(.text.arm_rfft_128_fast_init_f16), (52 bytes).
    Removing transformfunctionsf16.o(.ARM.exidx.text.arm_rfft_128_fast_init_f16), (8 bytes).
    Removing transformfunctionsf16.o(.text.arm_rfft_64_fast_init_f16), (52 bytes).
    Removing transformfunctionsf16.o(.ARM.exidx.text.arm_rfft_64_fast_init_f16), (8 bytes).
    Removing transformfunctionsf16.o(.text.arm_rfft_32_fast_init_f16), (52 bytes).
    Removing transformfunctionsf16.o(.ARM.exidx.text.arm_rfft_32_fast_init_f16), (8 bytes).
    Removing transformfunctionsf16.o(.text.stage_rfft_f16), (342 bytes).
    Removing transformfunctionsf16.o(.ARM.exidx.text.stage_rfft_f16), (8 bytes).
    Removing transformfunctionsf16.o(.text.merge_rfft_f16), (336 bytes).
    Removing transformfunctionsf16.o(.ARM.exidx.text.merge_rfft_f16), (8 bytes).
    Removing transformfunctionsf16.o(.text.arm_rfft_fast_f16), (70 bytes).
    Removing transformfunctionsf16.o(.ARM.exidx.text.arm_rfft_fast_f16), (8 bytes).
    Removing transformfunctionsf16.o(.text.arm_radix8_butterfly_f16), (2790 bytes).
    Removing transformfunctionsf16.o(.ARM.exidx.text.arm_radix8_butterfly_f16), (8 bytes).
    Removing transformfunctionsf16.o(.text.arm_mfcc_init_f16), (190 bytes).
    Removing transformfunctionsf16.o(.ARM.exidx.text.arm_mfcc_init_f16), (8 bytes).
    Removing transformfunctionsf16.o(.text.arm_mfcc_f16), (284 bytes).
    Removing transformfunctionsf16.o(.ARM.exidx.text.arm_mfcc_f16), (8 bytes).
    Removing transformfunctionsf16.o(.text.arm_cfft_radix2_init_f16), (190 bytes).
    Removing transformfunctionsf16.o(.ARM.exidx.text.arm_cfft_radix2_init_f16), (8 bytes).
    Removing transformfunctionsf16.o(.text.arm_cfft_radix4_init_f16), (124 bytes).
    Removing transformfunctionsf16.o(.ARM.exidx.text.arm_cfft_radix4_init_f16), (8 bytes).
    Removing gpio_stm32f10x.o(.text), (0 bytes).
    Removing gpio_stm32f10x.o(.text.GPIO_PortClock), (170 bytes).
    Removing gpio_stm32f10x.o(.ARM.exidx.text.GPIO_PortClock), (8 bytes).
    Removing gpio_stm32f10x.o(.text.GPIO_GetPortClockState), (50 bytes).
    Removing gpio_stm32f10x.o(.ARM.exidx.text.GPIO_GetPortClockState), (8 bytes).
    Removing gpio_stm32f10x.o(.text.GPIO_PinConfigure), (176 bytes).
    Removing gpio_stm32f10x.o(.ARM.exidx.text.GPIO_PinConfigure), (8 bytes).
    Removing gpio_stm32f10x.o(.text.GPIO_AFConfigure), (132 bytes).
    Removing gpio_stm32f10x.o(.ARM.exidx.text.GPIO_AFConfigure), (8 bytes).
    Removing gpio_stm32f10x.o(.rodata..Lswitch.table.GPIO_PinConfigure.1), (28 bytes).
    Removing system_stm32f10x.o(.text), (0 bytes).
    Removing system_stm32f10x.o(.ARM.exidx.text.SystemInit), (8 bytes).
    Removing system_stm32f10x.o(.text.SystemCoreClockUpdate), (110 bytes).
    Removing system_stm32f10x.o(.ARM.exidx.text.SystemCoreClockUpdate), (8 bytes).
    Removing system_stm32f10x.o(.data.SystemCoreClock), (4 bytes).
    Removing system_stm32f10x.o(.rodata.AHBPrescTable), (16 bytes).

2520 unused section(s) (total 1125662 bytes) removed from the image.

==============================================================================

Image Symbol Table

    Local Symbols

    Symbol Name                              Value     Ov Type        Size  Object(Section)

    ../clib/angel/boardlib.s                 0x00000000   Number         0  boardinit1.o ABSOLUTE
    ../clib/angel/boardlib.s                 0x00000000   Number         0  boardinit2.o ABSOLUTE
    ../clib/angel/boardlib.s                 0x00000000   Number         0  boardinit3.o ABSOLUTE
    ../clib/angel/boardlib.s                 0x00000000   Number         0  boardshut.o ABSOLUTE
    ../clib/angel/handlers.s                 0x00000000   Number         0  __scatter_zi.o ABSOLUTE
    ../clib/angel/kernel.s                   0x00000000   Number         0  __rtentry.o ABSOLUTE
    ../clib/angel/kernel.s                   0x00000000   Number         0  __rtentry2.o ABSOLUTE
    ../clib/angel/kernel.s                   0x00000000   Number         0  __rtentry4.o ABSOLUTE
    ../clib/angel/kernel.s                   0x00000000   Number         0  rtexit.o ABSOLUTE
    ../clib/angel/kernel.s                   0x00000000   Number         0  rtexit2.o ABSOLUTE
    ../clib/angel/rt.s                       0x00000000   Number         0  aeabi_ldiv0.o ABSOLUTE
    ../clib/angel/rt.s                       0x00000000   Number         0  aeabi_ldiv0_sigfpe.o ABSOLUTE
    ../clib/angel/rt.s                       0x00000000   Number         0  rt_div0.o ABSOLUTE
    ../clib/angel/rt.s                       0x00000000   Number         0  rt_errno_addr.o ABSOLUTE
    ../clib/angel/rt.s                       0x00000000   Number         0  rt_errno_addr_intlibspace.o ABSOLUTE
    ../clib/angel/rt.s                       0x00000000   Number         0  rt_raise.o ABSOLUTE
    ../clib/angel/scatter.s                  0x00000000   Number         0  __scatter.o ABSOLUTE
    ../clib/angel/startup.s                  0x00000000   Number         0  __main.o ABSOLUTE
    ../clib/angel/sys.s                      0x00000000   Number         0  libspace.o ABSOLUTE
    ../clib/angel/sys.s                      0x00000000   Number         0  sys_stackheap_outer.o ABSOLUTE
    ../clib/angel/sys.s                      0x00000000   Number         0  use_no_semi.o ABSOLUTE
    ../clib/angel/sys.s                      0x00000000   Number         0  indicate_semi.o ABSOLUTE
    ../clib/angel/sysapp.c                   0x00000000   Number         0  sys_exit.o ABSOLUTE
    ../clib/angel/sysapp.c                   0x00000000   Number         0  sys_exit_hlt.o ABSOLUTE
    ../clib/angel/sysapp.c                   0x00000000   Number         0  sys_wrch.o ABSOLUTE
    ../clib/angel/sysapp.c                   0x00000000   Number         0  sys_wrch_hlt.o ABSOLUTE
    ../clib/angel/sysapp.c                   0x00000000   Number         0  sys_command.o ABSOLUTE
    ../clib/angel/sysapp.c                   0x00000000   Number         0  sys_command_hlt.o ABSOLUTE
    ../clib/armsys.c                         0x00000000   Number         0  argv_veneer.o ABSOLUTE
    ../clib/armsys.c                         0x00000000   Number         0  argv_veneer.o ABSOLUTE
    ../clib/armsys.c                         0x00000000   Number         0  _get_argv_nomalloc.o ABSOLUTE
    ../clib/armsys.c                         0x00000000   Number         0  no_argv.o ABSOLUTE
    ../clib/fenv.c                           0x00000000   Number         0  _rserrno.o ABSOLUTE
    ../clib/heapalloc.c                      0x00000000   Number         0  hrguard.o ABSOLUTE
    ../clib/heapaux.c                        0x00000000   Number         0  heapauxi.o ABSOLUTE
    ../clib/libinit.s                        0x00000000   Number         0  libinit.o ABSOLUTE
    ../clib/libinit.s                        0x00000000   Number         0  libinit2.o ABSOLUTE
    ../clib/libinit.s                        0x00000000   Number         0  libshutdown.o ABSOLUTE
    ../clib/libinit.s                        0x00000000   Number         0  libshutdown2.o ABSOLUTE
    ../clib/longlong.s                       0x00000000   Number         0  lludivv7m.o ABSOLUTE
    ../clib/longlong.s                       0x00000000   Number         0  llsdiv.o ABSOLUTE
    ../clib/memcpset.s                       0x00000000   Number         0  rt_memcpy_v6.o ABSOLUTE
    ../clib/memcpset.s                       0x00000000   Number         0  rt_memcpy_w.o ABSOLUTE
    ../clib/memcpset.s                       0x00000000   Number         0  aeabi_memset.o ABSOLUTE
    ../clib/memcpset.s                       0x00000000   Number         0  rt_memclr.o ABSOLUTE
    ../clib/memcpset.s                       0x00000000   Number         0  rt_memclr_w.o ABSOLUTE
    ../clib/signal.c                         0x00000000   Number         0  defsig_fpe_outer.o ABSOLUTE
    ../clib/signal.c                         0x00000000   Number         0  defsig_fpe_formal.o ABSOLUTE
    ../clib/signal.c                         0x00000000   Number         0  defsig_exit.o ABSOLUTE
    ../clib/signal.c                         0x00000000   Number         0  defsig_fpe_inner.o ABSOLUTE
    ../clib/signal.c                         0x00000000   Number         0  __raise.o ABSOLUTE
    ../clib/signal.c                         0x00000000   Number         0  defsig_general.o ABSOLUTE
    ../clib/signal.c                         0x00000000   Number         0  defsig_abrt_inner.o ABSOLUTE
    ../clib/signal.c                         0x00000000   Number         0  defsig_rtred_inner.o ABSOLUTE
    ../clib/signal.c                         0x00000000   Number         0  defsig_rtmem_inner.o ABSOLUTE
    ../clib/signal.c                         0x00000000   Number         0  defsig_rtmem_outer.o ABSOLUTE
    ../clib/signal.c                         0x00000000   Number         0  defsig_rtmem_formal.o ABSOLUTE
    ../clib/signal.c                         0x00000000   Number         0  defsig_stak_inner.o ABSOLUTE
    ../clib/signal.c                         0x00000000   Number         0  defsig_pvfn_inner.o ABSOLUTE
    ../clib/signal.c                         0x00000000   Number         0  defsig_cppl_inner.o ABSOLUTE
    ../clib/signal.c                         0x00000000   Number         0  defsig_segv_inner.o ABSOLUTE
    ../clib/signal.c                         0x00000000   Number         0  defsig_other.o ABSOLUTE
    ../clib/signal.s                         0x00000000   Number         0  defsig.o ABSOLUTE
    ../clib/stdlib.c                         0x00000000   Number         0  exit.o ABSOLUTE
    ../fplib/cfplib/d2h.c                    0x00000000   Number         0  d2h.o ABSOLUTE
    ../fplib/cfplib/f2h.c                    0x00000000   Number         0  f2h.o ABSOLUTE
    ../fplib/cfplib/h2f.c                    0x00000000   Number         0  h2f.o ABSOLUTE
    ../fplib/d2f.s                           0x00000000   Number         0  d2f.o ABSOLUTE
    ../fplib/daddsub.s                       0x00000000   Number         0  daddsub_clz.o ABSOLUTE
    ../fplib/dcheck1.s                       0x00000000   Number         0  dcheck1.o ABSOLUTE
    ../fplib/dcmp.s                          0x00000000   Number         0  dcmp.o ABSOLUTE
    ../fplib/dcmpi.s                         0x00000000   Number         0  dcmpi.o ABSOLUTE
    ../fplib/ddiv.s                          0x00000000   Number         0  ddiv.o ABSOLUTE
    ../fplib/deqf.s                          0x00000000   Number         0  deqf.o ABSOLUTE
    ../fplib/dfix.s                          0x00000000   Number         0  dfix.o ABSOLUTE
    ../fplib/dfixll.s                        0x00000000   Number         0  dfixll.o ABSOLUTE
    ../fplib/dflt.s                          0x00000000   Number         0  dflt_clz.o ABSOLUTE
    ../fplib/dgeqf.s                         0x00000000   Number         0  dgeqf.o ABSOLUTE
    ../fplib/dleqf.s                         0x00000000   Number         0  dleqf.o ABSOLUTE
    ../fplib/dmul.s                          0x00000000   Number         0  dmul.o ABSOLUTE
    ../fplib/dnaninf.s                       0x00000000   Number         0  dnaninf.o ABSOLUTE
    ../fplib/dretinf.s                       0x00000000   Number         0  dretinf.o ABSOLUTE
    ../fplib/drleqf.s                        0x00000000   Number         0  drleqf.o ABSOLUTE
    ../fplib/dsqrt.s                         0x00000000   Number         0  dsqrt_noumaal.o ABSOLUTE
    ../fplib/f2d.s                           0x00000000   Number         0  f2d.o ABSOLUTE
    ../fplib/faddsub.s                       0x00000000   Number         0  faddsub_clz.o ABSOLUTE
    ../fplib/fcheck1.s                       0x00000000   Number         0  fcheck1.o ABSOLUTE
    ../fplib/fcmp.s                          0x00000000   Number         0  fcmp.o ABSOLUTE
    ../fplib/fcmpi.s                         0x00000000   Number         0  fcmpi.o ABSOLUTE
    ../fplib/fdiv.s                          0x00000000   Number         0  fdiv.o ABSOLUTE
    ../fplib/feqf.s                          0x00000000   Number         0  feqf.o ABSOLUTE
    ../fplib/ffix.s                          0x00000000   Number         0  ffix.o ABSOLUTE
    ../fplib/ffixll.s                        0x00000000   Number         0  ffixll.o ABSOLUTE
    ../fplib/fflt.s                          0x00000000   Number         0  fflt_clz.o ABSOLUTE
    ../fplib/fgeqf.s                         0x00000000   Number         0  fgeqf.o ABSOLUTE
    ../fplib/fleqf.s                         0x00000000   Number         0  fleqf.o ABSOLUTE
    ../fplib/fmul.s                          0x00000000   Number         0  fmul.o ABSOLUTE
    ../fplib/fnaninf.s                       0x00000000   Number         0  fnaninf.o ABSOLUTE
    ../fplib/fpinit.s                        0x00000000   Number         0  fpinit.o ABSOLUTE
    ../fplib/fpinit_empty.s                  0x00000000   Number         0  fpinit_empty.o ABSOLUTE
    ../fplib/fretinf.s                       0x00000000   Number         0  fretinf.o ABSOLUTE
    ../fplib/frnd.s                          0x00000000   Number         0  frnd.o ABSOLUTE
    ../fplib/fsqrt.s                         0x00000000   Number         0  fsqrt.o ABSOLUTE
    ../fplib/istatus.s                       0x00000000   Number         0  istatus.o ABSOLUTE
    ../fplib/retnan.s                        0x00000000   Number         0  retnan.o ABSOLUTE
    ../fplib/scalbn.s                        0x00000000   Number         0  scalbn.o ABSOLUTE
    ../fplib/scalbnf.s                       0x00000000   Number         0  scalbnf.o ABSOLUTE
    ../fplib/trapv.s                         0x00000000   Number         0  trapv.o ABSOLUTE
    ../fplib/usenofp.s                       0x00000000   Number         0  usenofp.o ABSOLUTE
    ../mathlib/dunder.c                      0x00000000   Number         0  dunder.o ABSOLUTE
    ../mathlib/exp.c                         0x00000000   Number         0  exp.o ABSOLUTE
    ../mathlib/expf.c                        0x00000000   Number         0  expf.o ABSOLUTE
    ../mathlib/floorf.c                      0x00000000   Number         0  floorf.o ABSOLUTE
    ../mathlib/fpclassify.c                  0x00000000   Number         0  fpclassify.o ABSOLUTE
    ../mathlib/fpclassifyf.c                 0x00000000   Number         0  fpclassifyf.o ABSOLUTE
    ../mathlib/funder.c                      0x00000000   Number         0  funder.o ABSOLUTE
    ../mathlib/log.c                         0x00000000   Number         0  log.o ABSOLUTE
    ../mathlib/logf.c                        0x00000000   Number         0  logf.o ABSOLUTE
    ../mathlib/poly.c                        0x00000000   Number         0  poly.o ABSOLUTE
    ../mathlib/powf.c                        0x00000000   Number         0  powf.o ABSOLUTE
    ../mathlib/qnan.c                        0x00000000   Number         0  qnan.o ABSOLUTE
    ../mathlib/sqrt.c                        0x00000000   Number         0  sqrt.o ABSOLUTE
    ../mathlib/sqrtf.c                       0x00000000   Number         0  sqrtf.o ABSOLUTE
    ../mathlib/tanhf.c                       0x00000000   Number         0  tanhf.o ABSOLUTE
    BasicMathFunctions.c                     0x00000000   Number         0  basicmathfunctions.o ABSOLUTE
    BasicMathFunctionsF16.c                  0x00000000   Number         0  basicmathfunctionsf16.o ABSOLUTE
    BayesFunctions.c                         0x00000000   Number         0  bayesfunctions.o ABSOLUTE
    BayesFunctionsF16.c                      0x00000000   Number         0  bayesfunctionsf16.o ABSOLUTE
    CommonTables.c                           0x00000000   Number         0  commontables.o ABSOLUTE
    CommonTablesF16.c                        0x00000000   Number         0  commontablesf16.o ABSOLUTE
    ComplexMathFunctions.c                   0x00000000   Number         0  complexmathfunctions.o ABSOLUTE
    ComplexMathFunctionsF16.c                0x00000000   Number         0  complexmathfunctionsf16.o ABSOLUTE
    ControllerFunctions.c                    0x00000000   Number         0  controllerfunctions.o ABSOLUTE
    DistanceFunctions.c                      0x00000000   Number         0  distancefunctions.o ABSOLUTE
    DistanceFunctionsF16.c                   0x00000000   Number         0  distancefunctionsf16.o ABSOLUTE
    FastMathFunctions.c                      0x00000000   Number         0  fastmathfunctions.o ABSOLUTE
    FastMathFunctionsF16.c                   0x00000000   Number         0  fastmathfunctionsf16.o ABSOLUTE
    FilteringFunctions.c                     0x00000000   Number         0  filteringfunctions.o ABSOLUTE
    FilteringFunctionsF16.c                  0x00000000   Number         0  filteringfunctionsf16.o ABSOLUTE
    GPIO_STM32F10x.c                         0x00000000   Number         0  gpio_stm32f10x.o ABSOLUTE
    InterpolationFunctions.c                 0x00000000   Number         0  interpolationfunctions.o ABSOLUTE
    InterpolationFunctionsF16.c              0x00000000   Number         0  interpolationfunctionsf16.o ABSOLUTE
    MatrixFunctions.c                        0x00000000   Number         0  matrixfunctions.o ABSOLUTE
    MatrixFunctionsF16.c                     0x00000000   Number         0  matrixfunctionsf16.o ABSOLUTE
    QuaternionMathFunctions.c                0x00000000   Number         0  quaternionmathfunctions.o ABSOLUTE
    RTE/Device/STM32F103RC/startup_stm32f10x_hd.s 0x00000000   Number         0  startup_stm32f10x_hd.o ABSOLUTE
    SVMFunctions.c                           0x00000000   Number         0  svmfunctions.o ABSOLUTE
    SVMFunctionsF16.c                        0x00000000   Number         0  svmfunctionsf16.o ABSOLUTE
    StatisticsFunctions.c                    0x00000000   Number         0  statisticsfunctions.o ABSOLUTE
    StatisticsFunctionsF16.c                 0x00000000   Number         0  statisticsfunctionsf16.o ABSOLUTE
    SupportFunctions.c                       0x00000000   Number         0  supportfunctions.o ABSOLUTE
    SupportFunctionsF16.c                    0x00000000   Number         0  supportfunctionsf16.o ABSOLUTE
    TransformFunctions.c                     0x00000000   Number         0  transformfunctions.o ABSOLUTE
    TransformFunctionsF16.c                  0x00000000   Number         0  transformfunctionsf16.o ABSOLUTE
    dc.s                                     0x00000000   Number         0  dc.o ABSOLUTE
    main.c                                   0x00000000   Number         0  main.o ABSOLUTE
    misc.c                                   0x00000000   Number         0  misc.o ABSOLUTE
    stm32f10x_adc.c                          0x00000000   Number         0  stm32f10x_adc.o ABSOLUTE
    stm32f10x_bkp.c                          0x00000000   Number         0  stm32f10x_bkp.o ABSOLUTE
    stm32f10x_can.c                          0x00000000   Number         0  stm32f10x_can.o ABSOLUTE
    stm32f10x_cec.c                          0x00000000   Number         0  stm32f10x_cec.o ABSOLUTE
    stm32f10x_crc.c                          0x00000000   Number         0  stm32f10x_crc.o ABSOLUTE
    stm32f10x_dac.c                          0x00000000   Number         0  stm32f10x_dac.o ABSOLUTE
    stm32f10x_dbgmcu.c                       0x00000000   Number         0  stm32f10x_dbgmcu.o ABSOLUTE
    stm32f10x_dma.c                          0x00000000   Number         0  stm32f10x_dma.o ABSOLUTE
    stm32f10x_exti.c                         0x00000000   Number         0  stm32f10x_exti.o ABSOLUTE
    stm32f10x_flash.c                        0x00000000   Number         0  stm32f10x_flash.o ABSOLUTE
    stm32f10x_fsmc.c                         0x00000000   Number         0  stm32f10x_fsmc.o ABSOLUTE
    stm32f10x_gpio.c                         0x00000000   Number         0  stm32f10x_gpio.o ABSOLUTE
    stm32f10x_i2c.c                          0x00000000   Number         0  stm32f10x_i2c.o ABSOLUTE
    stm32f10x_iwdg.c                         0x00000000   Number         0  stm32f10x_iwdg.o ABSOLUTE
    stm32f10x_pwr.c                          0x00000000   Number         0  stm32f10x_pwr.o ABSOLUTE
    stm32f10x_rcc.c                          0x00000000   Number         0  stm32f10x_rcc.o ABSOLUTE
    stm32f10x_rtc.c                          0x00000000   Number         0  stm32f10x_rtc.o ABSOLUTE
    stm32f10x_sdio.c                         0x00000000   Number         0  stm32f10x_sdio.o ABSOLUTE
    stm32f10x_spi.c                          0x00000000   Number         0  stm32f10x_spi.o ABSOLUTE
    stm32f10x_tim.c                          0x00000000   Number         0  stm32f10x_tim.o ABSOLUTE
    stm32f10x_usart.c                        0x00000000   Number         0  stm32f10x_usart.o ABSOLUTE
    stm32f10x_wwdg.c                         0x00000000   Number         0  stm32f10x_wwdg.o ABSOLUTE
    system_stm32f10x.c                       0x00000000   Number         0  system_stm32f10x.o ABSOLUTE
    usart.c                                  0x00000000   Number         0  usart.o ABSOLUTE
    RESET                                    0x08000000   Section      304  startup_stm32f10x_hd.o(RESET)
    !!!main                                  0x08000130   Section        8  __main.o(!!!main)
    !!!scatter                               0x08000138   Section       52  __scatter.o(!!!scatter)
    !!handler_zi                             0x0800016c   Section       28  __scatter_zi.o(!!handler_zi)
    .ARM.Collect$$libinit$$00000000          0x08000188   Section        2  libinit.o(.ARM.Collect$$libinit$$00000000)
    .ARM.Collect$$libinit$$00000002          0x0800018a   Section        0  libinit2.o(.ARM.Collect$$libinit$$00000002)
    .ARM.Collect$$libinit$$00000004          0x0800018a   Section        0  libinit2.o(.ARM.Collect$$libinit$$00000004)
    .ARM.Collect$$libinit$$00000006          0x0800018a   Section        0  libinit2.o(.ARM.Collect$$libinit$$00000006)
    .ARM.Collect$$libinit$$0000000C          0x0800018a   Section        0  libinit2.o(.ARM.Collect$$libinit$$0000000C)
    .ARM.Collect$$libinit$$0000000E          0x0800018a   Section        0  libinit2.o(.ARM.Collect$$libinit$$0000000E)
    .ARM.Collect$$libinit$$00000010          0x0800018a   Section        0  libinit2.o(.ARM.Collect$$libinit$$00000010)
    .ARM.Collect$$libinit$$00000013          0x0800018a   Section        0  libinit2.o(.ARM.Collect$$libinit$$00000013)
    .ARM.Collect$$libinit$$00000015          0x0800018a   Section        0  libinit2.o(.ARM.Collect$$libinit$$00000015)
    .ARM.Collect$$libinit$$00000017          0x0800018a   Section        0  libinit2.o(.ARM.Collect$$libinit$$00000017)
    .ARM.Collect$$libinit$$00000019          0x0800018a   Section        0  libinit2.o(.ARM.Collect$$libinit$$00000019)
    .ARM.Collect$$libinit$$0000001B          0x0800018a   Section        0  libinit2.o(.ARM.Collect$$libinit$$0000001B)
    .ARM.Collect$$libinit$$0000001D          0x0800018a   Section        0  libinit2.o(.ARM.Collect$$libinit$$0000001D)
    .ARM.Collect$$libinit$$0000001F          0x0800018a   Section        0  libinit2.o(.ARM.Collect$$libinit$$0000001F)
    .ARM.Collect$$libinit$$00000021          0x0800018a   Section        0  libinit2.o(.ARM.Collect$$libinit$$00000021)
    .ARM.Collect$$libinit$$00000023          0x0800018a   Section        0  libinit2.o(.ARM.Collect$$libinit$$00000023)
    .ARM.Collect$$libinit$$00000025          0x0800018a   Section        0  libinit2.o(.ARM.Collect$$libinit$$00000025)
    .ARM.Collect$$libinit$$00000027          0x0800018a   Section        0  libinit2.o(.ARM.Collect$$libinit$$00000027)
    .ARM.Collect$$libinit$$0000002E          0x0800018a   Section        0  libinit2.o(.ARM.Collect$$libinit$$0000002E)
    .ARM.Collect$$libinit$$00000030          0x0800018a   Section        0  libinit2.o(.ARM.Collect$$libinit$$00000030)
    .ARM.Collect$$libinit$$00000032          0x0800018a   Section        0  libinit2.o(.ARM.Collect$$libinit$$00000032)
    .ARM.Collect$$libinit$$00000034          0x0800018a   Section        0  libinit2.o(.ARM.Collect$$libinit$$00000034)
    .ARM.Collect$$libinit$$00000035          0x0800018a   Section        2  libinit2.o(.ARM.Collect$$libinit$$00000035)
    .ARM.Collect$$libshutdown$$00000000      0x0800018c   Section        2  libshutdown.o(.ARM.Collect$$libshutdown$$00000000)
    .ARM.Collect$$libshutdown$$00000002      0x0800018e   Section        0  libshutdown2.o(.ARM.Collect$$libshutdown$$00000002)
    .ARM.Collect$$libshutdown$$00000004      0x0800018e   Section        0  libshutdown2.o(.ARM.Collect$$libshutdown$$00000004)
    .ARM.Collect$$libshutdown$$00000007      0x0800018e   Section        0  libshutdown2.o(.ARM.Collect$$libshutdown$$00000007)
    .ARM.Collect$$libshutdown$$0000000A      0x0800018e   Section        0  libshutdown2.o(.ARM.Collect$$libshutdown$$0000000A)
    .ARM.Collect$$libshutdown$$0000000C      0x0800018e   Section        0  libshutdown2.o(.ARM.Collect$$libshutdown$$0000000C)
    .ARM.Collect$$libshutdown$$0000000F      0x0800018e   Section        0  libshutdown2.o(.ARM.Collect$$libshutdown$$0000000F)
    .ARM.Collect$$libshutdown$$00000010      0x0800018e   Section        2  libshutdown2.o(.ARM.Collect$$libshutdown$$00000010)
    .ARM.Collect$$rtentry$$00000000          0x08000190   Section        0  __rtentry.o(.ARM.Collect$$rtentry$$00000000)
    .ARM.Collect$$rtentry$$00000002          0x08000190   Section        0  __rtentry2.o(.ARM.Collect$$rtentry$$00000002)
    .ARM.Collect$$rtentry$$00000004          0x08000190   Section        6  __rtentry4.o(.ARM.Collect$$rtentry$$00000004)
    .ARM.Collect$$rtentry$$00000009          0x08000196   Section        0  __rtentry2.o(.ARM.Collect$$rtentry$$00000009)
    .ARM.Collect$$rtentry$$0000000A          0x08000196   Section        4  __rtentry2.o(.ARM.Collect$$rtentry$$0000000A)
    .ARM.Collect$$rtentry$$0000000C          0x0800019a   Section        0  __rtentry2.o(.ARM.Collect$$rtentry$$0000000C)
    .ARM.Collect$$rtentry$$0000000D          0x0800019a   Section        8  __rtentry2.o(.ARM.Collect$$rtentry$$0000000D)
    .ARM.Collect$$rtexit$$00000000           0x080001a2   Section        2  rtexit.o(.ARM.Collect$$rtexit$$00000000)
    .ARM.Collect$$rtexit$$00000002           0x080001a4   Section        0  rtexit2.o(.ARM.Collect$$rtexit$$00000002)
    .ARM.Collect$$rtexit$$00000003           0x080001a4   Section        4  rtexit2.o(.ARM.Collect$$rtexit$$00000003)
    .ARM.Collect$$rtexit$$00000004           0x080001a8   Section        6  rtexit2.o(.ARM.Collect$$rtexit$$00000004)
    .text                                    0x080001b0   Section       64  startup_stm32f10x_hd.o(.text)
    .text                                    0x080001f0   Section        0  heapauxi.o(.text)
    .text                                    0x080001f8   Section        8  libspace.o(.text)
    .text                                    0x08000200   Section       74  sys_stackheap_outer.o(.text)
    .text                                    0x0800024a   Section        0  exit.o(.text)
    .text                                    0x0800025c   Section        0  sys_exit.o(.text)
    .text                                    0x08000268   Section        2  use_no_semi.o(.text)
    .text                                    0x0800026a   Section        0  indicate_semi.o(.text)
    [Anonymous Symbol]                       0x0800026c   Section        0  stm32f10x_gpio.o(.text.GPIO_Init)
    [Anonymous Symbol]                       0x0800032c   Section        0  misc.o(.text.NVIC_Init)
    [Anonymous Symbol]                       0x0800038c   Section        0  usart.o(.text.ProcessAndSendData)
    [Anonymous Symbol]                       0x080003fc   Section        0  stm32f10x_rcc.o(.text.RCC_APB2PeriphClockCmd)
    [Anonymous Symbol]                       0x08000414   Section        0  stm32f10x_rcc.o(.text.RCC_GetClocksFreq)
    [Anonymous Symbol]                       0x080004b4   Section        0  system_stm32f10x.o(.text.SystemInit)
    [Anonymous Symbol]                       0x080005c4   Section        0  usart.o(.text.USART1_IRQHandler)
    [Anonymous Symbol]                       0x08000668   Section        0  stm32f10x_usart.o(.text.USART_Cmd)
    [Anonymous Symbol]                       0x0800067c   Section        0  stm32f10x_usart.o(.text.USART_GetFlagStatus)
    [Anonymous Symbol]                       0x08000688   Section        0  stm32f10x_usart.o(.text.USART_ITConfig)
    [Anonymous Symbol]                       0x080006b8   Section        0  stm32f10x_usart.o(.text.USART_Init)
    [Anonymous Symbol]                       0x08000770   Section        0  stm32f10x_usart.o(.text.USART_ReceiveData)
    [Anonymous Symbol]                       0x08000778   Section        0  stm32f10x_usart.o(.text.USART_SendData)
    [Anonymous Symbol]                       0x08000780   Section        0  main.o(.text.main)
    [Anonymous Symbol]                       0x08000794   Section        0  usart.o(.text.usart_init)
    ADCPrescTable                            0x08000818   Data           4  stm32f10x_rcc.o(.rodata.ADCPrescTable)
    [Anonymous Symbol]                       0x08000818   Section        0  stm32f10x_rcc.o(.rodata.ADCPrescTable)
    APBAHBPrescTable                         0x0800081c   Data          16  stm32f10x_rcc.o(.rodata.APBAHBPrescTable)
    [Anonymous Symbol]                       0x0800081c   Section        0  stm32f10x_rcc.o(.rodata.APBAHBPrescTable)
    .bss                                     0x20000000   Section       96  libspace.o(.bss)
    Heap_Mem                                 0x200000b0   Data         512  startup_stm32f10x_hd.o(HEAP)
    HEAP                                     0x200000b0   Section      512  startup_stm32f10x_hd.o(HEAP)
    Stack_Mem                                0x200002b0   Data        1024  startup_stm32f10x_hd.o(STACK)
    STACK                                    0x200002b0   Section     1024  startup_stm32f10x_hd.o(STACK)
    __initial_sp                             0x200006b0   Data           0  startup_stm32f10x_hd.o(STACK)

    Global Symbols

    Symbol Name                              Value     Ov Type        Size  Object(Section)

    BuildAttributes$$THM_ISAv4$P$D$K$B$S$PE$A:L22UL41UL21$X:L11$S22US41US21$IEEE1$IW$~IW$USESV6$~STKCKD$USESV7$~SHL$OTIME$ROPI$IEEEX$EBA8$UX$STANDARDLIB$REQ8$PRES8$EABIv2 0x00000000   Number         0  anon$$obj.o ABSOLUTE
    __fp_init_empty                          0x00000000   Number         0  fpinit_empty.o ABSOLUTE
    __ARM_exceptions_init                     - Undefined Weak Reference
    __alloca_initialize                       - Undefined Weak Reference
    __arm_preinit_                            - Undefined Weak Reference
    __arm_relocate_pie_                       - Undefined Weak Reference
    __cpp_initialize__aeabi_                  - Undefined Weak Reference
    __cxa_finalize                            - Undefined Weak Reference
    __rt_locale                               - Undefined Weak Reference
    __sigvec_lookup                           - Undefined Weak Reference
    _atexit_init                              - Undefined Weak Reference
    _call_atexit_fns                          - Undefined Weak Reference
    _clock_init                               - Undefined Weak Reference
    _fp_trap_init                             - Undefined Weak Reference
    _fp_trap_shutdown                         - Undefined Weak Reference
    _get_lc_collate                           - Undefined Weak Reference
    _get_lc_ctype                             - Undefined Weak Reference
    _get_lc_monetary                          - Undefined Weak Reference
    _get_lc_numeric                           - Undefined Weak Reference
    _get_lc_time                              - Undefined Weak Reference
    _getenv_init                              - Undefined Weak Reference
    _handle_redirection                       - Undefined Weak Reference
    _init_alloc                               - Undefined Weak Reference
    _init_user_alloc                          - Undefined Weak Reference
    _initio                                   - Undefined Weak Reference
    _rand_init                                - Undefined Weak Reference
    _signal_finish                            - Undefined Weak Reference
    _signal_init                              - Undefined Weak Reference
    _terminate_alloc                          - Undefined Weak Reference
    _terminate_user_alloc                     - Undefined Weak Reference
    _terminateio                              - Undefined Weak Reference
    __Vectors_Size                           0x00000130   Number         0  startup_stm32f10x_hd.o ABSOLUTE
    __Vectors                                0x08000000   Data           4  startup_stm32f10x_hd.o(RESET)
    __Vectors_End                            0x08000130   Data           0  startup_stm32f10x_hd.o(RESET)
    __main                                   0x08000131   Thumb Code     8  __main.o(!!!main)
    __scatterload                            0x08000139   Thumb Code     0  __scatter.o(!!!scatter)
    __scatterload_rt2                        0x08000139   Thumb Code    44  __scatter.o(!!!scatter)
    __scatterload_rt2_thumb_only             0x08000139   Thumb Code     0  __scatter.o(!!!scatter)
    __scatterload_null                       0x08000147   Thumb Code     0  __scatter.o(!!!scatter)
    __scatterload_zeroinit                   0x0800016d   Thumb Code    28  __scatter_zi.o(!!handler_zi)
    __rt_lib_init                            0x08000189   Thumb Code     0  libinit.o(.ARM.Collect$$libinit$$00000000)
    __rt_lib_init_alloca_1                   0x0800018b   Thumb Code     0  libinit2.o(.ARM.Collect$$libinit$$00000030)
    __rt_lib_init_argv_1                     0x0800018b   Thumb Code     0  libinit2.o(.ARM.Collect$$libinit$$0000002E)
    __rt_lib_init_atexit_1                   0x0800018b   Thumb Code     0  libinit2.o(.ARM.Collect$$libinit$$0000001D)
    __rt_lib_init_clock_1                    0x0800018b   Thumb Code     0  libinit2.o(.ARM.Collect$$libinit$$00000023)
    __rt_lib_init_cpp_1                      0x0800018b   Thumb Code     0  libinit2.o(.ARM.Collect$$libinit$$00000034)
    __rt_lib_init_exceptions_1               0x0800018b   Thumb Code     0  libinit2.o(.ARM.Collect$$libinit$$00000032)
    __rt_lib_init_fp_1                       0x0800018b   Thumb Code     0  libinit2.o(.ARM.Collect$$libinit$$00000002)
    __rt_lib_init_fp_trap_1                  0x0800018b   Thumb Code     0  libinit2.o(.ARM.Collect$$libinit$$00000021)
    __rt_lib_init_getenv_1                   0x0800018b   Thumb Code     0  libinit2.o(.ARM.Collect$$libinit$$00000025)
    __rt_lib_init_heap_1                     0x0800018b   Thumb Code     0  libinit2.o(.ARM.Collect$$libinit$$0000000C)
    __rt_lib_init_lc_collate_1               0x0800018b   Thumb Code     0  libinit2.o(.ARM.Collect$$libinit$$00000013)
    __rt_lib_init_lc_ctype_1                 0x0800018b   Thumb Code     0  libinit2.o(.ARM.Collect$$libinit$$00000015)
    __rt_lib_init_lc_monetary_1              0x0800018b   Thumb Code     0  libinit2.o(.ARM.Collect$$libinit$$00000017)
    __rt_lib_init_lc_numeric_1               0x0800018b   Thumb Code     0  libinit2.o(.ARM.Collect$$libinit$$00000019)
    __rt_lib_init_lc_time_1                  0x0800018b   Thumb Code     0  libinit2.o(.ARM.Collect$$libinit$$0000001B)
    __rt_lib_init_preinit_1                  0x0800018b   Thumb Code     0  libinit2.o(.ARM.Collect$$libinit$$00000006)
    __rt_lib_init_rand_1                     0x0800018b   Thumb Code     0  libinit2.o(.ARM.Collect$$libinit$$00000010)
    __rt_lib_init_relocate_pie_1             0x0800018b   Thumb Code     0  libinit2.o(.ARM.Collect$$libinit$$00000004)
    __rt_lib_init_return                     0x0800018b   Thumb Code     0  libinit2.o(.ARM.Collect$$libinit$$00000035)
    __rt_lib_init_signal_1                   0x0800018b   Thumb Code     0  libinit2.o(.ARM.Collect$$libinit$$0000001F)
    __rt_lib_init_stdio_1                    0x0800018b   Thumb Code     0  libinit2.o(.ARM.Collect$$libinit$$00000027)
    __rt_lib_init_user_alloc_1               0x0800018b   Thumb Code     0  libinit2.o(.ARM.Collect$$libinit$$0000000E)
    __rt_lib_shutdown                        0x0800018d   Thumb Code     0  libshutdown.o(.ARM.Collect$$libshutdown$$00000000)
    __rt_lib_shutdown_cpp_1                  0x0800018f   Thumb Code     0  libshutdown2.o(.ARM.Collect$$libshutdown$$00000002)
    __rt_lib_shutdown_fp_trap_1              0x0800018f   Thumb Code     0  libshutdown2.o(.ARM.Collect$$libshutdown$$00000007)
    __rt_lib_shutdown_heap_1                 0x0800018f   Thumb Code     0  libshutdown2.o(.ARM.Collect$$libshutdown$$0000000F)
    __rt_lib_shutdown_return                 0x0800018f   Thumb Code     0  libshutdown2.o(.ARM.Collect$$libshutdown$$00000010)
    __rt_lib_shutdown_signal_1               0x0800018f   Thumb Code     0  libshutdown2.o(.ARM.Collect$$libshutdown$$0000000A)
    __rt_lib_shutdown_stdio_1                0x0800018f   Thumb Code     0  libshutdown2.o(.ARM.Collect$$libshutdown$$00000004)
    __rt_lib_shutdown_user_alloc_1           0x0800018f   Thumb Code     0  libshutdown2.o(.ARM.Collect$$libshutdown$$0000000C)
    __rt_entry                               0x08000191   Thumb Code     0  __rtentry.o(.ARM.Collect$$rtentry$$00000000)
    __rt_entry_presh_1                       0x08000191   Thumb Code     0  __rtentry2.o(.ARM.Collect$$rtentry$$00000002)
    __rt_entry_sh                            0x08000191   Thumb Code     0  __rtentry4.o(.ARM.Collect$$rtentry$$00000004)
    __rt_entry_li                            0x08000197   Thumb Code     0  __rtentry2.o(.ARM.Collect$$rtentry$$0000000A)
    __rt_entry_postsh_1                      0x08000197   Thumb Code     0  __rtentry2.o(.ARM.Collect$$rtentry$$00000009)
    __rt_entry_main                          0x0800019b   Thumb Code     0  __rtentry2.o(.ARM.Collect$$rtentry$$0000000D)
    __rt_entry_postli_1                      0x0800019b   Thumb Code     0  __rtentry2.o(.ARM.Collect$$rtentry$$0000000C)
    __rt_exit                                0x080001a3   Thumb Code     0  rtexit.o(.ARM.Collect$$rtexit$$00000000)
    __rt_exit_ls                             0x080001a5   Thumb Code     0  rtexit2.o(.ARM.Collect$$rtexit$$00000003)
    __rt_exit_prels_1                        0x080001a5   Thumb Code     0  rtexit2.o(.ARM.Collect$$rtexit$$00000002)
    __rt_exit_exit                           0x080001a9   Thumb Code     0  rtexit2.o(.ARM.Collect$$rtexit$$00000004)
    Reset_Handler                            0x080001b1   Thumb Code     8  startup_stm32f10x_hd.o(.text)
    NMI_Handler                              0x080001b9   Thumb Code     2  startup_stm32f10x_hd.o(.text)
    HardFault_Handler                        0x080001bb   Thumb Code     2  startup_stm32f10x_hd.o(.text)
    MemManage_Handler                        0x080001bd   Thumb Code     2  startup_stm32f10x_hd.o(.text)
    BusFault_Handler                         0x080001bf   Thumb Code     2  startup_stm32f10x_hd.o(.text)
    UsageFault_Handler                       0x080001c1   Thumb Code     2  startup_stm32f10x_hd.o(.text)
    SVC_Handler                              0x080001c3   Thumb Code     2  startup_stm32f10x_hd.o(.text)
    DebugMon_Handler                         0x080001c5   Thumb Code     2  startup_stm32f10x_hd.o(.text)
    PendSV_Handler                           0x080001c7   Thumb Code     2  startup_stm32f10x_hd.o(.text)
    SysTick_Handler                          0x080001c9   Thumb Code     2  startup_stm32f10x_hd.o(.text)
    ADC1_2_IRQHandler                        0x080001cb   Thumb Code     0  startup_stm32f10x_hd.o(.text)
    ADC3_IRQHandler                          0x080001cb   Thumb Code     0  startup_stm32f10x_hd.o(.text)
    CAN1_RX1_IRQHandler                      0x080001cb   Thumb Code     0  startup_stm32f10x_hd.o(.text)
    CAN1_SCE_IRQHandler                      0x080001cb   Thumb Code     0  startup_stm32f10x_hd.o(.text)
    DMA1_Channel1_IRQHandler                 0x080001cb   Thumb Code     0  startup_stm32f10x_hd.o(.text)
    DMA1_Channel2_IRQHandler                 0x080001cb   Thumb Code     0  startup_stm32f10x_hd.o(.text)
    DMA1_Channel3_IRQHandler                 0x080001cb   Thumb Code     0  startup_stm32f10x_hd.o(.text)
    DMA1_Channel4_IRQHandler                 0x080001cb   Thumb Code     0  startup_stm32f10x_hd.o(.text)
    DMA1_Channel5_IRQHandler                 0x080001cb   Thumb Code     0  startup_stm32f10x_hd.o(.text)
    DMA1_Channel6_IRQHandler                 0x080001cb   Thumb Code     0  startup_stm32f10x_hd.o(.text)
    DMA1_Channel7_IRQHandler                 0x080001cb   Thumb Code     0  startup_stm32f10x_hd.o(.text)
    DMA2_Channel1_IRQHandler                 0x080001cb   Thumb Code     0  startup_stm32f10x_hd.o(.text)
    DMA2_Channel2_IRQHandler                 0x080001cb   Thumb Code     0  startup_stm32f10x_hd.o(.text)
    DMA2_Channel3_IRQHandler                 0x080001cb   Thumb Code     0  startup_stm32f10x_hd.o(.text)
    DMA2_Channel4_5_IRQHandler               0x080001cb   Thumb Code     0  startup_stm32f10x_hd.o(.text)
    EXTI0_IRQHandler                         0x080001cb   Thumb Code     0  startup_stm32f10x_hd.o(.text)
    EXTI15_10_IRQHandler                     0x080001cb   Thumb Code     0  startup_stm32f10x_hd.o(.text)
    EXTI1_IRQHandler                         0x080001cb   Thumb Code     0  startup_stm32f10x_hd.o(.text)
    EXTI2_IRQHandler                         0x080001cb   Thumb Code     0  startup_stm32f10x_hd.o(.text)
    EXTI3_IRQHandler                         0x080001cb   Thumb Code     0  startup_stm32f10x_hd.o(.text)
    EXTI4_IRQHandler                         0x080001cb   Thumb Code     0  startup_stm32f10x_hd.o(.text)
    EXTI9_5_IRQHandler                       0x080001cb   Thumb Code     0  startup_stm32f10x_hd.o(.text)
    FLASH_IRQHandler                         0x080001cb   Thumb Code     0  startup_stm32f10x_hd.o(.text)
    FSMC_IRQHandler                          0x080001cb   Thumb Code     0  startup_stm32f10x_hd.o(.text)
    I2C1_ER_IRQHandler                       0x080001cb   Thumb Code     0  startup_stm32f10x_hd.o(.text)
    I2C1_EV_IRQHandler                       0x080001cb   Thumb Code     0  startup_stm32f10x_hd.o(.text)
    I2C2_ER_IRQHandler                       0x080001cb   Thumb Code     0  startup_stm32f10x_hd.o(.text)
    I2C2_EV_IRQHandler                       0x080001cb   Thumb Code     0  startup_stm32f10x_hd.o(.text)
    PVD_IRQHandler                           0x080001cb   Thumb Code     0  startup_stm32f10x_hd.o(.text)
    RCC_IRQHandler                           0x080001cb   Thumb Code     0  startup_stm32f10x_hd.o(.text)
    RTCAlarm_IRQHandler                      0x080001cb   Thumb Code     0  startup_stm32f10x_hd.o(.text)
    RTC_IRQHandler                           0x080001cb   Thumb Code     0  startup_stm32f10x_hd.o(.text)
    SDIO_IRQHandler                          0x080001cb   Thumb Code     0  startup_stm32f10x_hd.o(.text)
    SPI1_IRQHandler                          0x080001cb   Thumb Code     0  startup_stm32f10x_hd.o(.text)
    SPI2_IRQHandler                          0x080001cb   Thumb Code     0  startup_stm32f10x_hd.o(.text)
    SPI3_IRQHandler                          0x080001cb   Thumb Code     0  startup_stm32f10x_hd.o(.text)
    TAMPER_IRQHandler                        0x080001cb   Thumb Code     0  startup_stm32f10x_hd.o(.text)
    TIM1_BRK_IRQHandler                      0x080001cb   Thumb Code     0  startup_stm32f10x_hd.o(.text)
    TIM1_CC_IRQHandler                       0x080001cb   Thumb Code     0  startup_stm32f10x_hd.o(.text)
    TIM1_TRG_COM_IRQHandler                  0x080001cb   Thumb Code     0  startup_stm32f10x_hd.o(.text)
    TIM1_UP_IRQHandler                       0x080001cb   Thumb Code     0  startup_stm32f10x_hd.o(.text)
    TIM2_IRQHandler                          0x080001cb   Thumb Code     0  startup_stm32f10x_hd.o(.text)
    TIM3_IRQHandler                          0x080001cb   Thumb Code     0  startup_stm32f10x_hd.o(.text)
    TIM4_IRQHandler                          0x080001cb   Thumb Code     0  startup_stm32f10x_hd.o(.text)
    TIM5_IRQHandler                          0x080001cb   Thumb Code     0  startup_stm32f10x_hd.o(.text)
    TIM6_IRQHandler                          0x080001cb   Thumb Code     0  startup_stm32f10x_hd.o(.text)
    TIM7_IRQHandler                          0x080001cb   Thumb Code     0  startup_stm32f10x_hd.o(.text)
    TIM8_BRK_IRQHandler                      0x080001cb   Thumb Code     0  startup_stm32f10x_hd.o(.text)
    TIM8_CC_IRQHandler                       0x080001cb   Thumb Code     0  startup_stm32f10x_hd.o(.text)
    TIM8_TRG_COM_IRQHandler                  0x080001cb   Thumb Code     0  startup_stm32f10x_hd.o(.text)
    TIM8_UP_IRQHandler                       0x080001cb   Thumb Code     0  startup_stm32f10x_hd.o(.text)
    UART4_IRQHandler                         0x080001cb   Thumb Code     0  startup_stm32f10x_hd.o(.text)
    UART5_IRQHandler                         0x080001cb   Thumb Code     0  startup_stm32f10x_hd.o(.text)
    USART2_IRQHandler                        0x080001cb   Thumb Code     0  startup_stm32f10x_hd.o(.text)
    USART3_IRQHandler                        0x080001cb   Thumb Code     0  startup_stm32f10x_hd.o(.text)
    USBWakeUp_IRQHandler                     0x080001cb   Thumb Code     0  startup_stm32f10x_hd.o(.text)
    USB_HP_CAN1_TX_IRQHandler                0x080001cb   Thumb Code     0  startup_stm32f10x_hd.o(.text)
    USB_LP_CAN1_RX0_IRQHandler               0x080001cb   Thumb Code     0  startup_stm32f10x_hd.o(.text)
    WWDG_IRQHandler                          0x080001cb   Thumb Code     0  startup_stm32f10x_hd.o(.text)
    __user_initial_stackheap                 0x080001cd   Thumb Code     0  startup_stm32f10x_hd.o(.text)
    __use_two_region_memory                  0x080001f1   Thumb Code     2  heapauxi.o(.text)
    __rt_heap_escrow$2region                 0x080001f3   Thumb Code     2  heapauxi.o(.text)
    __rt_heap_expand$2region                 0x080001f5   Thumb Code     2  heapauxi.o(.text)
    __user_libspace                          0x080001f9   Thumb Code     8  libspace.o(.text)
    __user_perproc_libspace                  0x080001f9   Thumb Code     0  libspace.o(.text)
    __user_perthread_libspace                0x080001f9   Thumb Code     0  libspace.o(.text)
    __user_setup_stackheap                   0x08000201   Thumb Code    74  sys_stackheap_outer.o(.text)
    exit                                     0x0800024b   Thumb Code    18  exit.o(.text)
    _sys_exit                                0x0800025d   Thumb Code     8  sys_exit.o(.text)
    __I$use$semihosting                      0x08000269   Thumb Code     0  use_no_semi.o(.text)
    __use_no_semihosting_swi                 0x08000269   Thumb Code     2  use_no_semi.o(.text)
    __semihosting_library_function           0x0800026b   Thumb Code     0  indicate_semi.o(.text)
    GPIO_Init                                0x0800026d   Thumb Code   192  stm32f10x_gpio.o(.text.GPIO_Init)
    NVIC_Init                                0x0800032d   Thumb Code    94  misc.o(.text.NVIC_Init)
    ProcessAndSendData                       0x0800038d   Thumb Code   110  usart.o(.text.ProcessAndSendData)
    RCC_APB2PeriphClockCmd                   0x080003fd   Thumb Code    24  stm32f10x_rcc.o(.text.RCC_APB2PeriphClockCmd)
    RCC_GetClocksFreq                        0x08000415   Thumb Code   160  stm32f10x_rcc.o(.text.RCC_GetClocksFreq)
    SystemInit                               0x080004b5   Thumb Code   272  system_stm32f10x.o(.text.SystemInit)
    USART1_IRQHandler                        0x080005c5   Thumb Code   164  usart.o(.text.USART1_IRQHandler)
    USART_Cmd                                0x08000669   Thumb Code    20  stm32f10x_usart.o(.text.USART_Cmd)
    USART_GetFlagStatus                      0x0800067d   Thumb Code    10  stm32f10x_usart.o(.text.USART_GetFlagStatus)
    USART_ITConfig                           0x08000689   Thumb Code    46  stm32f10x_usart.o(.text.USART_ITConfig)
    USART_Init                               0x080006b9   Thumb Code   182  stm32f10x_usart.o(.text.USART_Init)
    USART_ReceiveData                        0x08000771   Thumb Code     8  stm32f10x_usart.o(.text.USART_ReceiveData)
    USART_SendData                           0x08000779   Thumb Code     8  stm32f10x_usart.o(.text.USART_SendData)
    main                                     0x08000781   Thumb Code    18  main.o(.text.main)
    usart_init                               0x08000795   Thumb Code   132  usart.o(.text.usart_init)
    Region$$Table$$Base                      0x0800082c   Number         0  anon$$obj.o(Region$$Table)
    Region$$Table$$Limit                     0x0800083c   Number         0  anon$$obj.o(Region$$Table)
    __libspace_start                         0x20000000   Data          96  libspace.o(.bss)
    __temporary_stack_top$libspace           0x20000060   Data           0  libspace.o(.bss)
    headerCount                              0x20000060   Data           1  usart.o(.bss.headerCount)
    rxBuffer                                 0x20000064   Data          67  usart.o(.bss.rxBuffer)
    rxDataSize                               0x200000a7   Data           1  usart.o(.bss.rxDataSize)
    state                                    0x200000a8   Data           1  usart.o(.bss.state)



==============================================================================

Memory Map of the image

  Image Entry point : 0x08000131

  Load Region LR_IROM1 (Base: 0x08000000, Size: 0x0000083c, Max: 0x00040000, ABSOLUTE)

    Execution Region ER_IROM1 (Exec base: 0x08000000, Load base: 0x08000000, Size: 0x0000083c, Max: 0x00040000, ABSOLUTE)

    Exec Addr    Load Addr    Size         Type   Attr      Idx    E Section Name        Object

    0x08000000   0x08000000   0x00000130   Data   RO         2905    RESET               startup_stm32f10x_hd.o
    0x08000130   0x08000130   0x00000008   Code   RO         2944  * !!!main             c_w.l(__main.o)
    0x08000138   0x08000138   0x00000034   Code   RO         3315    !!!scatter          c_w.l(__scatter.o)
    0x0800016c   0x0800016c   0x0000001c   Code   RO         3317    !!handler_zi        c_w.l(__scatter_zi.o)
    0x08000188   0x08000188   0x00000002   Code   RO         3176    .ARM.Collect$$libinit$$00000000  c_w.l(libinit.o)
    0x0800018a   0x0800018a   0x00000000   Code   RO         3188    .ARM.Collect$$libinit$$00000002  c_w.l(libinit2.o)
    0x0800018a   0x0800018a   0x00000000   Code   RO         3190    .ARM.Collect$$libinit$$00000004  c_w.l(libinit2.o)
    0x0800018a   0x0800018a   0x00000000   Code   RO         3192    .ARM.Collect$$libinit$$00000006  c_w.l(libinit2.o)
    0x0800018a   0x0800018a   0x00000000   Code   RO         3195    .ARM.Collect$$libinit$$0000000C  c_w.l(libinit2.o)
    0x0800018a   0x0800018a   0x00000000   Code   RO         3197    .ARM.Collect$$libinit$$0000000E  c_w.l(libinit2.o)
    0x0800018a   0x0800018a   0x00000000   Code   RO         3199    .ARM.Collect$$libinit$$00000010  c_w.l(libinit2.o)
    0x0800018a   0x0800018a   0x00000000   Code   RO         3202    .ARM.Collect$$libinit$$00000013  c_w.l(libinit2.o)
    0x0800018a   0x0800018a   0x00000000   Code   RO         3204    .ARM.Collect$$libinit$$00000015  c_w.l(libinit2.o)
    0x0800018a   0x0800018a   0x00000000   Code   RO         3206    .ARM.Collect$$libinit$$00000017  c_w.l(libinit2.o)
    0x0800018a   0x0800018a   0x00000000   Code   RO         3208    .ARM.Collect$$libinit$$00000019  c_w.l(libinit2.o)
    0x0800018a   0x0800018a   0x00000000   Code   RO         3210    .ARM.Collect$$libinit$$0000001B  c_w.l(libinit2.o)
    0x0800018a   0x0800018a   0x00000000   Code   RO         3212    .ARM.Collect$$libinit$$0000001D  c_w.l(libinit2.o)
    0x0800018a   0x0800018a   0x00000000   Code   RO         3214    .ARM.Collect$$libinit$$0000001F  c_w.l(libinit2.o)
    0x0800018a   0x0800018a   0x00000000   Code   RO         3216    .ARM.Collect$$libinit$$00000021  c_w.l(libinit2.o)
    0x0800018a   0x0800018a   0x00000000   Code   RO         3218    .ARM.Collect$$libinit$$00000023  c_w.l(libinit2.o)
    0x0800018a   0x0800018a   0x00000000   Code   RO         3220    .ARM.Collect$$libinit$$00000025  c_w.l(libinit2.o)
    0x0800018a   0x0800018a   0x00000000   Code   RO         3222    .ARM.Collect$$libinit$$00000027  c_w.l(libinit2.o)
    0x0800018a   0x0800018a   0x00000000   Code   RO         3226    .ARM.Collect$$libinit$$0000002E  c_w.l(libinit2.o)
    0x0800018a   0x0800018a   0x00000000   Code   RO         3228    .ARM.Collect$$libinit$$00000030  c_w.l(libinit2.o)
    0x0800018a   0x0800018a   0x00000000   Code   RO         3230    .ARM.Collect$$libinit$$00000032  c_w.l(libinit2.o)
    0x0800018a   0x0800018a   0x00000000   Code   RO         3232    .ARM.Collect$$libinit$$00000034  c_w.l(libinit2.o)
    0x0800018a   0x0800018a   0x00000002   Code   RO         3233    .ARM.Collect$$libinit$$00000035  c_w.l(libinit2.o)
    0x0800018c   0x0800018c   0x00000002   Code   RO         3270    .ARM.Collect$$libshutdown$$00000000  c_w.l(libshutdown.o)
    0x0800018e   0x0800018e   0x00000000   Code   RO         3298    .ARM.Collect$$libshutdown$$00000002  c_w.l(libshutdown2.o)
    0x0800018e   0x0800018e   0x00000000   Code   RO         3300    .ARM.Collect$$libshutdown$$00000004  c_w.l(libshutdown2.o)
    0x0800018e   0x0800018e   0x00000000   Code   RO         3303    .ARM.Collect$$libshutdown$$00000007  c_w.l(libshutdown2.o)
    0x0800018e   0x0800018e   0x00000000   Code   RO         3306    .ARM.Collect$$libshutdown$$0000000A  c_w.l(libshutdown2.o)
    0x0800018e   0x0800018e   0x00000000   Code   RO         3308    .ARM.Collect$$libshutdown$$0000000C  c_w.l(libshutdown2.o)
    0x0800018e   0x0800018e   0x00000000   Code   RO         3311    .ARM.Collect$$libshutdown$$0000000F  c_w.l(libshutdown2.o)
    0x0800018e   0x0800018e   0x00000002   Code   RO         3312    .ARM.Collect$$libshutdown$$00000010  c_w.l(libshutdown2.o)
    0x08000190   0x08000190   0x00000000   Code   RO         3053    .ARM.Collect$$rtentry$$00000000  c_w.l(__rtentry.o)
    0x08000190   0x08000190   0x00000000   Code   RO         3131    .ARM.Collect$$rtentry$$00000002  c_w.l(__rtentry2.o)
    0x08000190   0x08000190   0x00000006   Code   RO         3143    .ARM.Collect$$rtentry$$00000004  c_w.l(__rtentry4.o)
    0x08000196   0x08000196   0x00000000   Code   RO         3133    .ARM.Collect$$rtentry$$00000009  c_w.l(__rtentry2.o)
    0x08000196   0x08000196   0x00000004   Code   RO         3134    .ARM.Collect$$rtentry$$0000000A  c_w.l(__rtentry2.o)
    0x0800019a   0x0800019a   0x00000000   Code   RO         3136    .ARM.Collect$$rtentry$$0000000C  c_w.l(__rtentry2.o)
    0x0800019a   0x0800019a   0x00000008   Code   RO         3137    .ARM.Collect$$rtentry$$0000000D  c_w.l(__rtentry2.o)
    0x080001a2   0x080001a2   0x00000002   Code   RO         3179    .ARM.Collect$$rtexit$$00000000  c_w.l(rtexit.o)
    0x080001a4   0x080001a4   0x00000000   Code   RO         3241    .ARM.Collect$$rtexit$$00000002  c_w.l(rtexit2.o)
    0x080001a4   0x080001a4   0x00000004   Code   RO         3242    .ARM.Collect$$rtexit$$00000003  c_w.l(rtexit2.o)
    0x080001a8   0x080001a8   0x00000006   Code   RO         3243    .ARM.Collect$$rtexit$$00000004  c_w.l(rtexit2.o)
    0x080001ae   0x080001ae   0x00000002   PAD
    0x080001b0   0x080001b0   0x00000040   Code   RO         2906    .text               startup_stm32f10x_hd.o
    0x080001f0   0x080001f0   0x00000006   Code   RO         2942    .text               c_w.l(heapauxi.o)
    0x080001f6   0x080001f6   0x00000002   PAD
    0x080001f8   0x080001f8   0x00000008   Code   RO         3160    .text               c_w.l(libspace.o)
    0x08000200   0x08000200   0x0000004a   Code   RO         3163    .text               c_w.l(sys_stackheap_outer.o)
    0x0800024a   0x0800024a   0x00000012   Code   RO         3165    .text               c_w.l(exit.o)
    0x0800025c   0x0800025c   0x0000000c   Code   RO         3236    .text               c_w.l(sys_exit.o)
    0x08000268   0x08000268   0x00000002   Code   RO         3259    .text               c_w.l(use_no_semi.o)
    0x0800026a   0x0800026a   0x00000000   Code   RO         3261    .text               c_w.l(indicate_semi.o)
    0x0800026a   0x0800026a   0x00000002   PAD
    0x0800026c   0x0800026c   0x000000c0   Code   RO          458    .text.GPIO_Init     stm32f10x_gpio.o
    0x0800032c   0x0800032c   0x0000005e   Code   RO            4    .text.NVIC_Init     misc.o
    0x0800038a   0x0800038a   0x00000002   PAD
    0x0800038c   0x0800038c   0x0000006e   Code   RO         1136    .text.ProcessAndSendData  usart.o
    0x080003fa   0x080003fa   0x00000002   PAD
    0x080003fc   0x080003fc   0x00000018   Code   RO          663    .text.RCC_APB2PeriphClockCmd  stm32f10x_rcc.o
    0x08000414   0x08000414   0x000000a0   Code   RO          659    .text.RCC_GetClocksFreq  stm32f10x_rcc.o
    0x080004b4   0x080004b4   0x00000110   Code   RO         2913    .text.SystemInit    system_stm32f10x.o
    0x080005c4   0x080005c4   0x000000a4   Code   RO         1134    .text.USART1_IRQHandler  usart.o
    0x08000668   0x08000668   0x00000014   Code   RO         1043    .text.USART_Cmd     stm32f10x_usart.o
    0x0800067c   0x0800067c   0x0000000a   Code   RO         1083    .text.USART_GetFlagStatus  stm32f10x_usart.o
    0x08000686   0x08000686   0x00000002   PAD
    0x08000688   0x08000688   0x0000002e   Code   RO         1045    .text.USART_ITConfig  stm32f10x_usart.o
    0x080006b6   0x080006b6   0x00000002   PAD
    0x080006b8   0x080006b8   0x000000b6   Code   RO         1035    .text.USART_Init    stm32f10x_usart.o
    0x0800076e   0x0800076e   0x00000002   PAD
    0x08000770   0x08000770   0x00000008   Code   RO         1061    .text.USART_ReceiveData  stm32f10x_usart.o
    0x08000778   0x08000778   0x00000008   Code   RO         1059    .text.USART_SendData  stm32f10x_usart.o
    0x08000780   0x08000780   0x00000012   Code   RO         1123    .text.main          main.o
    0x08000792   0x08000792   0x00000002   PAD
    0x08000794   0x08000794   0x00000084   Code   RO         1132    .text.usart_init    usart.o
    0x08000818   0x08000818   0x00000004   Data   RO          684    .rodata.ADCPrescTable  stm32f10x_rcc.o
    0x0800081c   0x0800081c   0x00000010   Data   RO          683    .rodata.APBAHBPrescTable  stm32f10x_rcc.o
    0x0800082c   0x0800082c   0x00000010   Data   RO         3314    Region$$Table       anon$$obj.o


    Execution Region RW_IRAM1 (Exec base: 0x20000000, Load base: 0x0800083c, Size: 0x000006b0, Max: 0x0000c000, ABSOLUTE)

    Exec Addr    Load Addr    Size         Type   Attr      Idx    E Section Name        Object

    0x20000000        -       0x00000060   Zero   RW         3161    .bss                c_w.l(libspace.o)
    0x20000060        -       0x00000001   Zero   RW         1139    .bss.headerCount    usart.o
    0x20000061   0x0800083c   0x00000003   PAD
    0x20000064        -       0x00000043   Zero   RW         1141    .bss.rxBuffer       usart.o
    0x200000a7        -       0x00000001   Zero   RW         1138    .bss.rxDataSize     usart.o
    0x200000a8        -       0x00000001   Zero   RW         1140    .bss.state          usart.o
    0x200000a9   0x0800083c   0x00000007   PAD
    0x200000b0        -       0x00000200   Zero   RW         2904    HEAP                startup_stm32f10x_hd.o
    0x200002b0        -       0x00000400   Zero   RW         2903    STACK               startup_stm32f10x_hd.o


==============================================================================

Image component sizes


      Code (inc. data)   RO Data    RW Data    ZI Data      Debug   Object Name

        18          0          0          0          0        329   main.o
        94          0          0          0          0       3409   misc.o
        64         26        304          0       1536        812   startup_stm32f10x_hd.o
       192          0          0          0          0       6022   stm32f10x_gpio.o
       184          0         20          0          0       8366   stm32f10x_rcc.o
       274          0          0          0          0       8632   stm32f10x_usart.o
       272          0          0          0          0       2762   system_stm32f10x.o
       406          0          0          0         70       4682   usart.o

    ----------------------------------------------------------------------
      1516         26        340          0       1616      35014   Object Totals
         0          0         16          0          0          0   (incl. Generated)
        12          0          0          0         10          0   (incl. Padding)

    ----------------------------------------------------------------------

      Code (inc. data)   RO Data    RW Data    ZI Data      Debug   Library Member Name

         8          0          0          0          0         68   __main.o
         0          0          0          0          0          0   __rtentry.o
        12          0          0          0          0          0   __rtentry2.o
         6          0          0          0          0          0   __rtentry4.o
        52          8          0          0          0          0   __scatter.o
        28          0          0          0          0          0   __scatter_zi.o
        18          0          0          0          0         80   exit.o
         6          0          0          0          0        152   heapauxi.o
         0          0          0          0          0          0   indicate_semi.o
         2          0          0          0          0          0   libinit.o
         2          0          0          0          0          0   libinit2.o
         2          0          0          0          0          0   libshutdown.o
         2          0          0          0          0          0   libshutdown2.o
         8          4          0          0         96         68   libspace.o
         2          0          0          0          0          0   rtexit.o
        10          0          0          0          0          0   rtexit2.o
        12          4          0          0          0         68   sys_exit.o
        74          0          0          0          0         80   sys_stackheap_outer.o
         2          0          0          0          0         68   use_no_semi.o

    ----------------------------------------------------------------------
       252         16          0          0         96        584   Library Totals
         6          0          0          0          0          0   (incl. Padding)

    ----------------------------------------------------------------------

      Code (inc. data)   RO Data    RW Data    ZI Data      Debug   Library Name

       246         16          0          0         96        584   c_w.l

    ----------------------------------------------------------------------
       252         16          0          0         96        584   Library Totals

    ----------------------------------------------------------------------

==============================================================================


      Code (inc. data)   RO Data    RW Data    ZI Data      Debug   

      1768         42        340          0       1712      35302   Grand Totals
      1768         42        340          0       1712      35302   ELF Image Totals
      1768         42        340          0          0          0   ROM Totals

==============================================================================

    Total RO  Size (Code + RO Data)                 2108 (   2.06kB)
    Total RW  Size (RW Data + ZI Data)              1712 (   1.67kB)
    Total ROM Size (Code + RO Data + RW Data)       2108 (   2.06kB)

==============================================================================

